Archive member included to satisfy reference by file (symbol)

C:/Program Files (x86)/Arm GNU Toolchain arm-none-eabi/14.2 rel1/bin/../lib/gcc/arm-none-eabi/14.2.1/thumb/v7e-m+fp/hard\libc.a(libc_a-exit.o)
                              C:/Program Files (x86)/Arm GNU Toolchain arm-none-eabi/14.2 rel1/bin/../lib/gcc/arm-none-eabi/14.2.1/thumb/v7e-m+fp/hard/crt0.o (exit)
C:/Program Files (x86)/Arm GNU Toolchain arm-none-eabi/14.2 rel1/bin/../lib/gcc/arm-none-eabi/14.2.1/thumb/v7e-m+fp/hard\libc.a(libc_a-findfp.o)
                              C:/Program Files (x86)/Arm GNU Toolchain arm-none-eabi/14.2 rel1/bin/../lib/gcc/arm-none-eabi/14.2.1/thumb/v7e-m+fp/hard\libc.a(libc_a-exit.o) (__stdio_exit_handler)
C:/Program Files (x86)/Arm GNU Toolchain arm-none-eabi/14.2 rel1/bin/../lib/gcc/arm-none-eabi/14.2.1/thumb/v7e-m+fp/hard\libc.a(libc_a-fwalk.o)
                              C:/Program Files (x86)/Arm GNU Toolchain arm-none-eabi/14.2 rel1/bin/../lib/gcc/arm-none-eabi/14.2.1/thumb/v7e-m+fp/hard\libc.a(libc_a-findfp.o) (_fwalk_sglue)
C:/Program Files (x86)/Arm GNU Toolchain arm-none-eabi/14.2 rel1/bin/../lib/gcc/arm-none-eabi/14.2.1/thumb/v7e-m+fp/hard\libc.a(libc_a-stdio.o)
                              C:/Program Files (x86)/Arm GNU Toolchain arm-none-eabi/14.2 rel1/bin/../lib/gcc/arm-none-eabi/14.2.1/thumb/v7e-m+fp/hard\libc.a(libc_a-findfp.o) (__sread)
C:/Program Files (x86)/Arm GNU Toolchain arm-none-eabi/14.2 rel1/bin/../lib/gcc/arm-none-eabi/14.2.1/thumb/v7e-m+fp/hard\libc.a(libc_a-memset.o)
                              C:/Program Files (x86)/Arm GNU Toolchain arm-none-eabi/14.2 rel1/bin/../lib/gcc/arm-none-eabi/14.2.1/thumb/v7e-m+fp/hard/crt0.o (memset)
C:/Program Files (x86)/Arm GNU Toolchain arm-none-eabi/14.2 rel1/bin/../lib/gcc/arm-none-eabi/14.2.1/thumb/v7e-m+fp/hard\libc.a(libc_a-closer.o)
                              C:/Program Files (x86)/Arm GNU Toolchain arm-none-eabi/14.2 rel1/bin/../lib/gcc/arm-none-eabi/14.2.1/thumb/v7e-m+fp/hard\libc.a(libc_a-stdio.o) (_close_r)
C:/Program Files (x86)/Arm GNU Toolchain arm-none-eabi/14.2 rel1/bin/../lib/gcc/arm-none-eabi/14.2.1/thumb/v7e-m+fp/hard\libc.a(libc_a-reent.o)
                              C:/Program Files (x86)/Arm GNU Toolchain arm-none-eabi/14.2 rel1/bin/../lib/gcc/arm-none-eabi/14.2.1/thumb/v7e-m+fp/hard\libc.a(libc_a-closer.o) (errno)
C:/Program Files (x86)/Arm GNU Toolchain arm-none-eabi/14.2 rel1/bin/../lib/gcc/arm-none-eabi/14.2.1/thumb/v7e-m+fp/hard\libc.a(libc_a-impure.o)
                              C:/Program Files (x86)/Arm GNU Toolchain arm-none-eabi/14.2 rel1/bin/../lib/gcc/arm-none-eabi/14.2.1/thumb/v7e-m+fp/hard\libc.a(libc_a-reent.o) (_impure_ptr)
C:/Program Files (x86)/Arm GNU Toolchain arm-none-eabi/14.2 rel1/bin/../lib/gcc/arm-none-eabi/14.2.1/thumb/v7e-m+fp/hard\libc.a(libc_a-lseekr.o)
                              C:/Program Files (x86)/Arm GNU Toolchain arm-none-eabi/14.2 rel1/bin/../lib/gcc/arm-none-eabi/14.2.1/thumb/v7e-m+fp/hard\libc.a(libc_a-stdio.o) (_lseek_r)
C:/Program Files (x86)/Arm GNU Toolchain arm-none-eabi/14.2 rel1/bin/../lib/gcc/arm-none-eabi/14.2.1/thumb/v7e-m+fp/hard\libc.a(libc_a-readr.o)
                              C:/Program Files (x86)/Arm GNU Toolchain arm-none-eabi/14.2 rel1/bin/../lib/gcc/arm-none-eabi/14.2.1/thumb/v7e-m+fp/hard\libc.a(libc_a-stdio.o) (_read_r)
C:/Program Files (x86)/Arm GNU Toolchain arm-none-eabi/14.2 rel1/bin/../lib/gcc/arm-none-eabi/14.2.1/thumb/v7e-m+fp/hard\libc.a(libc_a-writer.o)
                              C:/Program Files (x86)/Arm GNU Toolchain arm-none-eabi/14.2 rel1/bin/../lib/gcc/arm-none-eabi/14.2.1/thumb/v7e-m+fp/hard\libc.a(libc_a-stdio.o) (_write_r)
C:/Program Files (x86)/Arm GNU Toolchain arm-none-eabi/14.2 rel1/bin/../lib/gcc/arm-none-eabi/14.2.1/thumb/v7e-m+fp/hard\libc.a(libc_a-init.o)
                              C:/Program Files (x86)/Arm GNU Toolchain arm-none-eabi/14.2 rel1/bin/../lib/gcc/arm-none-eabi/14.2.1/thumb/v7e-m+fp/hard/crt0.o (__libc_init_array)
C:/Program Files (x86)/Arm GNU Toolchain arm-none-eabi/14.2 rel1/bin/../lib/gcc/arm-none-eabi/14.2.1/thumb/v7e-m+fp/hard\libc.a(libc_a-lock.o)
                              C:/Program Files (x86)/Arm GNU Toolchain arm-none-eabi/14.2 rel1/bin/../lib/gcc/arm-none-eabi/14.2.1/thumb/v7e-m+fp/hard\libc.a(libc_a-findfp.o) (__retarget_lock_init_recursive)
C:/Program Files (x86)/Arm GNU Toolchain arm-none-eabi/14.2 rel1/bin/../lib/gcc/arm-none-eabi/14.2.1/thumb/v7e-m+fp/hard\libc.a(libc_a-__call_atexit.o)
                              C:/Program Files (x86)/Arm GNU Toolchain arm-none-eabi/14.2 rel1/bin/../lib/gcc/arm-none-eabi/14.2.1/thumb/v7e-m+fp/hard\libc.a(libc_a-exit.o) (__call_exitprocs)
C:/Program Files (x86)/Arm GNU Toolchain arm-none-eabi/14.2 rel1/bin/../lib/gcc/arm-none-eabi/14.2.1/thumb/v7e-m+fp/hard\libc.a(libc_a-atexit.o)
[...]
Memory Configuration

Name             Origin             Length             Attributes
RAM              0x20000000         0x00004000         xrw
FLASH            0x08000000         0x00010000         xr
*default*        0x00000000         0xffffffff

Linker script and memory map

LOAD C:/Program Files (x86)/Arm GNU Toolchain arm-none-eabi/14.2 rel1/bin/../lib/gcc/arm-none-eabi/14.2.1/thumb/v7e-m+fp/hard/crti.o
LOAD C:/Program Files (x86)/Arm GNU Toolchain arm-none-eabi/14.2 rel1/bin/../lib/gcc/arm-none-eabi/14.2.1/thumb/v7e-m+fp/hard/crtbegin.o
LOAD C:/Program Files (x86)/Arm GNU Toolchain arm-none-eabi/14.2 rel1/bin/../lib/gcc/arm-none-eabi/14.2.1/thumb/v7e-m+fp/hard/crt0.o
LOAD build/bsp_delay.o
LOAD build/bsp_led.o
LOAD build/bsp_usart.o
LOAD build/main.o
LOAD build/n32g430_it.o
LOAD build/system_n32g430.o
LOAD build/misc.o
LOAD build/n32g430_adc.o
LOAD build/n32g430_beeper.o
LOAD build/n32g430_can.o
LOAD build/n32g430_comp.o
LOAD build/n32g430_crc.o
LOAD build/n32g430_dbg.o
LOAD build/n32g430_dma.o
LOAD build/n32g430_exti.o
LOAD build/n32g430_flash.o
LOAD build/n32g430_gpio.o
LOAD build/n32g430_i2c.o
LOAD build/n32g430_iwdg.o
LOAD build/n32g430_lptim.o
LOAD build/n32g430_pwr.o
LOAD build/n32g430_rcc.o
LOAD build/n32g430_rtc.o
LOAD build/n32g430_spi.o
LOAD build/n32g430_tim.o
LOAD build/n32g430_usart.o
LOAD build/n32g430_wwdg.o
LOAD build/startup_n32g430_gcc.o
START GROUP
LOAD C:/Program Files (x86)/Arm GNU Toolchain arm-none-eabi/14.2 rel1/bin/../lib/gcc/arm-none-eabi/14.2.1/thumb/v7e-m+fp/hard\libgcc.a
LOAD C:/Program Files (x86)/Arm GNU Toolchain arm-none-eabi/14.2 rel1/bin/../lib/gcc/arm-none-eabi/14.2.1/thumb/v7e-m+fp/hard\libc.a
END GROUP
START GROUP
LOAD C:/Program Files (x86)/Arm GNU Toolchain arm-none-eabi/14.2 rel1/bin/../lib/gcc/arm-none-eabi/14.2.1/thumb/v7e-m+fp/hard\libgcc.a
LOAD C:/Program Files (x86)/Arm GNU Toolchain arm-none-eabi/14.2 rel1/bin/../lib/gcc/arm-none-eabi/14.2.1/thumb/v7e-m+fp/hard\libc.a
LOAD C:/Program Files (x86)/Arm GNU Toolchain arm-none-eabi/14.2 rel1/bin/../lib/gcc/arm-none-eabi/14.2.1/thumb/v7e-m+fp/hard\libnosys.a
END GROUP
LOAD C:/Program Files (x86)/Arm GNU Toolchain arm-none-eabi/14.2 rel1/bin/../lib/gcc/arm-none-eabi/14.2.1/thumb/v7e-m+fp/hard/crtend.o
LOAD C:/Program Files (x86)/Arm GNU Toolchain arm-none-eabi/14.2 rel1/bin/../lib/gcc/arm-none-eabi/14.2.1/thumb/v7e-m+fp/hard/crtn.o
                0x20004000                        _estack = 0x20004000
                0x00000200                        _Min_Heap_Size = 0x200
                0x00000400                        _Min_Stack_Size = 0x400

.isr_vector     0x08000000      0x114
                0x08000000                        . = ALIGN (0x4)
 *(.isr_vector)
 .isr_vector    0x08000000      0x114 build/startup_n32g430_gcc.o
                0x08000000                g_pfnVectors
                0x08000114                        . = ALIGN (0x4)

.text           0x08000114      0xa6c
                0x08000114                        . = ALIGN (0x4)
 *(.text)
 *(.text*)
 .text.deregister_tm_clones
                0x08000114       0x1c C:/Program Files (x86)/Arm GNU Toolchain arm-none-eabi/14.2 rel1/bin/../lib/gcc/arm-none-eabi/14.2.1/thumb/v7e-m+fp/hard/crtbegin.o
 .text.register_tm_clones
                0x08000130       0x24 C:/Program Files (x86)/Arm GNU Toolchain arm-none-eabi/14.2 rel1/bin/../lib/gcc/arm-none-eabi/14.2.1/thumb/v7e-m+fp/hard/crtbegin.o
 .text.__do_global_dtors_aux
                0x08000154       0x28 C:/Program Files (x86)/Arm GNU Toolchain arm-none-eabi/14.2 rel1/bin/../lib/gcc/arm-none-eabi/14.2.1/thumb/v7e-m+fp/hard/crtbegin.o
 .text.frame_dummy
                0x0800017c       0x24 C:/Program Files (x86)/Arm GNU Toolchain arm-none-eabi/14.2 rel1/bin/../lib/gcc/arm-none-eabi/14.2.1/thumb/v7e-m+fp/hard/crtbegin.o
 .text.SysTick_Delay_Ms
                0x080001a0       0x5c build/bsp_delay.o
                0x080001a0                SysTick_Delay_Ms
 .text.LED_Initialize
                0x080001fc       0x2a build/bsp_led.o
                0x080001fc                LED_Initialize
 .text.LED_Toggle
                0x08000226        0x4 build/bsp_led.o
                0x08000226                LED_Toggle
 .text.LED_On   0x0800022a        0x4 build/bsp_led.o
                0x0800022a                LED_On
 .text.LED_Off  0x0800022e        0x4 build/bsp_led.o
                0x0800022e                LED_Off
 *fill*         0x08000232        0x2 
 .text.USART1_Init
                0x08000234       0xa8 build/bsp_usart.o
                0x08000234                USART1_Init
 .text.USART1_SendByte
                0x080002dc       0x20 build/bsp_usart.o
                0x080002dc                USART1_SendByte
 .text.USART1_SendString
                0x080002fc       0x12 build/bsp_usart.o
                0x080002fc                USART1_SendString
 .text.USART1_SendArray
                0x0800030e       0x16 build/bsp_usart.o
                0x0800030e                USART1_SendArray
 .text.USART1_ReceiveString
                0x08000324       0x5c build/bsp_usart.o
                0x08000324                USART1_ReceiveString
 .text.USART1_IRQHandler
                0x08000380       0x54 build/bsp_usart.o
                0x08000380                USART1_IRQHandler
 .text.startup.main
                0x080003d4      0x120 build/main.o
                0x080003d4                main
 .text.NMI_Handler
                0x080004f4        0x2 build/n32g430_it.o
                0x080004f4                NMI_Handler
 .text.HardFault_Handler
                0x080004f6        0x2 build/n32g430_it.o
                0x080004f6                HardFault_Handler
 .text.SVC_Handler
                0x080004f8        0x2 build/n32g430_it.o
                0x080004f8                SVC_Handler
 .text.SysTick_Handler
                0x080004fa        0x2 build/n32g430_it.o
                0x080004fa                SysTick_Handler
 .text.System_Initializes
                0x080004fc      0x16c build/system_n32g430.o
                0x080004fc                System_Initializes
 .text.NVIC_Initializes
                0x08000668       0x54 build/misc.o
                0x08000668                NVIC_Initializes
 .text.GPIO_Alternate_Set
                0x080006bc       0x32 build/n32g430_gpio.o
                0x080006bc                GPIO_Alternate_Set
 .text.GPIO_Mode_Set
                0x080006ee       0x36 build/n32g430_gpio.o
                0x080006ee                GPIO_Mode_Set
 .text.GPIO_Pull_Set
                0x08000724       0x16 build/n32g430_gpio.o
                0x08000724                GPIO_Pull_Set
 .text.GPIO_SlewRate_Set
                0x0800073a       0x14 build/n32g430_gpio.o
                0x0800073a                GPIO_SlewRate_Set
 .text.GPIO_Driver_Set
                0x0800074e       0x16 build/n32g430_gpio.o
                0x0800074e                GPIO_Driver_Set
 .text.GPIO_Peripheral_Initialize
                0x08000764       0x42 build/n32g430_gpio.o
                0x08000764                GPIO_Peripheral_Initialize
 .text.GPIO_Structure_Initialize
                0x080007a6       0x16 build/n32g430_gpio.o
                0x080007a6                GPIO_Structure_Initialize
 .text.GPIO_Output_Pin_Data_Get
                0x080007bc        0xc build/n32g430_gpio.o
                0x080007bc                GPIO_Output_Pin_Data_Get
 .text.GPIO_Pins_Set
                0x080007c8        0x4 build/n32g430_gpio.o
                0x080007c8                GPIO_Pins_Set
 .text.GPIO_PBC_Pins_Reset
                0x080007cc        0x4 build/n32g430_gpio.o
                0x080007cc                GPIO_PBC_Pins_Reset
 .text.GPIO_Pin_Toggle
                0x080007d0        0x8 build/n32g430_gpio.o
                0x080007d0                GPIO_Pin_Toggle
 .text.RCC_Clocks_Frequencies_Value_Get
                0x080007d8       0xb0 build/n32g430_rcc.o
                0x080007d8                RCC_Clocks_Frequencies_Value_Get
 .text.RCC_AHB_Peripheral_Clock_Enable
                0x08000888       0x10 build/n32g430_rcc.o
                0x08000888                RCC_AHB_Peripheral_Clock_Enable
 .text.RCC_APB2_Peripheral_Clock_Enable
                0x08000898       0x10 build/n32g430_rcc.o
                0x08000898                RCC_APB2_Peripheral_Clock_Enable
 .text.USART_Baud_Rate_Config
                0x080008a8       0x5c build/n32g430_usart.o
                0x080008a8                USART_Baud_Rate_Config
 .text.USART_Initializes
                0x08000904       0x54 build/n32g430_usart.o
                0x08000904                USART_Initializes
 .text.USART_Enable
                0x08000958        0xc build/n32g430_usart.o
                0x08000958                USART_Enable
 .text.USART_Interrput_Enable
                0x08000964       0x26 build/n32g430_usart.o
                0x08000964                USART_Interrput_Enable
 .text.USART_Data_Send
                0x0800098a        0x8 build/n32g430_usart.o
                0x0800098a                USART_Data_Send
 .text.USART_Data_Receive
                0x08000992        0x8 build/n32g430_usart.o
                0x08000992                USART_Data_Receive
 .text.USART_Flag_Status_Get
                0x0800099a        0xe build/n32g430_usart.o
                0x0800099a                USART_Flag_Status_Get
 .text.USART_Interrupt_Status_Get
                0x080009a8       0x3c build/n32g430_usart.o
                0x080009a8                USART_Interrupt_Status_Get
 .text.USART_Interrupt_Status_Clear
                0x080009e4        0xe build/n32g430_usart.o
                0x080009e4                USART_Interrupt_Status_Clear
 *fill*         0x080009f2        0x2 
 .text.Reset_Handler
                0x080009f4       0x50 build/startup_n32g430_gcc.o
                0x080009f4                Reset_Handler
 .text.Default_Handler
                0x08000a44        0x2 build/startup_n32g430_gcc.o
                0x08000a44                EXTI2_IRQHandler
                0x08000a44                TIM8_TRG_COM_IRQHandler
                0x08000a44                TIM8_CC_IRQHandler
                0x08000a44                TIM1_CC_IRQHandler
                0x08000a44                TIM6_IRQHandler
                0x08000a44                PVD_IRQHandler
                0x08000a44                PendSV_Handler
                0x08000a44                EXTI3_IRQHandler
                0x08000a44                DMA_Channel8_IRQHandler
                0x08000a44                EXTI0_IRQHandler
                0x08000a44                I2C2_EV_IRQHandler
                0x08000a44                CAN_TX_IRQHandler
                0x08000a44                SPI1_IRQHandler
                0x08000a44                CAN_SCE_IRQHandler
                0x08000a44                RTC_TAMPER_STAMP_IRQHandler
                0x08000a44                DMA_Channel1_IRQHandler
                0x08000a44                TIM8_UP_IRQHandler
                0x08000a44                DMA_Channel4_IRQHandler
                0x08000a44                TIM4_IRQHandler
                0x08000a44                DMA_Channel5_IRQHandler
                0x08000a44                CAN_RX1_IRQHandler
                0x08000a44                I2C1_EV_IRQHandler
                0x08000a44                UART4_IRQHandler
                0x08000a44                TIM3_IRQHandler
                0x08000a44                RCC_IRQHandler
                0x08000a44                TIM1_TRG_COM_IRQHandler
                0x08000a44                Default_Handler
                0x08000a44                EXTI15_10_IRQHandler
                0x08000a44                ADC_IRQHandler
                0x08000a44                DMA_Channel3_IRQHandler
                0x08000a44                TIM5_IRQHandler
                0x08000a44                EXTI9_5_IRQHandler
                0x08000a44                RTC_WKUP_IRQHandler
                0x08000a44                MMU_IRQHandler
                0x08000a44                SPI2_IRQHandler
                0x08000a44                DMA_Channel2_IRQHandler
                0x08000a44                COMP_1_2_3_IRQHandler
                0x08000a44                EXTI4_IRQHandler
                0x08000a44                TIM1_UP_IRQHandler
                0x08000a44                DMA_Channel7_IRQHandler
                0x08000a44                WWDG_IRQHandler
                0x08000a44                TIM2_IRQHandler
                0x08000a44                TIM1_BRK_IRQHandler
                0x08000a44                EXTI1_IRQHandler
                0x08000a44                DMA_Channel6_IRQHandler
                0x08000a44                RTCAlarm_IRQHandler
                0x08000a44                USART2_IRQHandler
                0x08000a44                I2C2_ER_IRQHandler
                0x08000a44                LPTIM_WKUP_IRQHandler
                0x08000a44                TIM8_BRK_IRQHandler
                0x08000a44                FLASH_IRQHandler
                0x08000a44                CAN_RX0_IRQHandler
                0x08000a44                UART3_IRQHandler
                0x08000a44                I2C1_ER_IRQHandler
 *fill*         0x08000a46        0x2 
 .text.__libc_init_array
                0x08000a48       0x50 C:/Program Files (x86)/Arm GNU Toolchain arm-none-eabi/14.2 rel1/bin/../lib/gcc/arm-none-eabi/14.2.1/thumb/v7e-m+fp/hard\libc.a(libc_a-init.o)
                0x08000a48                __libc_init_array
 .text.__retarget_lock_acquire_recursive
                0x08000a98        0x4 C:/Program Files (x86)/Arm GNU Toolchain arm-none-eabi/14.2 rel1/bin/../lib/gcc/arm-none-eabi/14.2.1/thumb/v7e-m+fp/hard\libc.a(libc_a-lock.o)
                0x08000a98                __retarget_lock_acquire_recursive
 .text.__retarget_lock_release_recursive
                0x08000a9c        0x4 C:/Program Files (x86)/Arm GNU Toolchain arm-none-eabi/14.2 rel1/bin/../lib/gcc/arm-none-eabi/14.2.1/thumb/v7e-m+fp/hard\libc.a(libc_a-lock.o)
                0x08000a9c                __retarget_lock_release_recursive
 .text.startup.register_fini
                0x08000aa0       0x14 C:/Program Files (x86)/Arm GNU Toolchain arm-none-eabi/14.2 rel1/bin/../lib/gcc/arm-none-eabi/14.2.1/thumb/v7e-m+fp/hard\libc.a(libc_a-__call_atexit.o)
 .text.atexit   0x08000ab4        0xc C:/Program Files (x86)/Arm GNU Toolchain arm-none-eabi/14.2 rel1/bin/../lib/gcc/arm-none-eabi/14.2.1/thumb/v7e-m+fp/hard\libc.a(libc_a-atexit.o)
                0x08000ab4                atexit
 .text.__libc_fini_array
                0x08000ac0       0x28 C:/Program Files (x86)/Arm GNU Toolchain arm-none-eabi/14.2 rel1/bin/../lib/gcc/arm-none-eabi/14.2.1/thumb/v7e-m+fp/hard\libc.a(libc_a-fini.o)
                0x08000ac0                __libc_fini_array
 .text.__register_exitproc
                0x08000ae8       0x80 C:/Program Files (x86)/Arm GNU Toolchain arm-none-eabi/14.2 rel1/bin/../lib/gcc/arm-none-eabi/14.2.1/thumb/v7e-m+fp/hard\libc.a(libc_a-__atexit.o)
                0x08000ae8                __register_exitproc
 *(.glue_7)
 .glue_7        0x08000b68        0x0 linker stubs
 *(.glue_7t)
 .glue_7t       0x08000b68        0x0 linker stubs
 *(.eh_frame)
 .eh_frame      0x08000b68        0x0 C:/Program Files (x86)/Arm GNU Toolchain arm-none-eabi/14.2 rel1/bin/../lib/gcc/arm-none-eabi/14.2.1/thumb/v7e-m+fp/hard/crtbegin.o
 *(.init)
 .init          0x08000b68        0x4 C:/Program Files (x86)/Arm GNU Toolchain arm-none-eabi/14.2 rel1/bin/../lib/gcc/arm-none-eabi/14.2.1/thumb/v7e-m+fp/hard/crti.o
                0x08000b68                _init
 .init          0x08000b6c        0x8 C:/Program Files (x86)/Arm GNU Toolchain arm-none-eabi/14.2 rel1/bin/../lib/gcc/arm-none-eabi/14.2.1/thumb/v7e-m+fp/hard/crtn.o
 *(.fini)
 .fini          0x08000b74        0x4 C:/Program Files (x86)/Arm GNU Toolchain arm-none-eabi/14.2 rel1/bin/../lib/gcc/arm-none-eabi/14.2.1/thumb/v7e-m+fp/hard/crti.o
                0x08000b74                _fini
 .fini          0x08000b78        0x8 C:/Program Files (x86)/Arm GNU Toolchain arm-none-eabi/14.2 rel1/bin/../lib/gcc/arm-none-eabi/14.2.1/thumb/v7e-m+fp/hard/crtn.o
                0x08000b80                        . = ALIGN (0x4)
                0x08000b80                        __fsymtab_start = .
 *(FSymTab)
                0x08000b80                        __fsymtab_end = .
                0x08000b80                        . = ALIGN (0x4)
                0x08000b80                        __vsymtab_start = .
 *(VSymTab)
                0x08000b80                        __vsymtab_end = .
                0x08000b80                        . = ALIGN (0x4)
                0x08000b80                        __rt_init_start = .
 *(SORT_BY_NAME(.rti_fn*))
                0x08000b80                        __rt_init_end = .
                0x08000b80                        . = ALIGN (0x4)
                0x08000b80                        _etext = .

.vfp11_veneer   0x08000b80        0x0
 .vfp11_veneer  0x08000b80        0x0 linker stubs

.v4_bx          0x08000b80        0x0
 .v4_bx         0x08000b80        0x0 linker stubs

.iplt           0x08000b80        0x0
 .iplt          0x08000b80        0x0 C:/Program Files (x86)/Arm GNU Toolchain arm-none-eabi/14.2 rel1/bin/../lib/gcc/arm-none-eabi/14.2.1/thumb/v7e-m+fp/hard/crtbegin.o

.rodata         0x08000b80      0x110
                0x08000b80                        . = ALIGN (0x4)
 *(.rodata)
 *(.rodata*)
 .rodata.main.str1.1
                0x08000b80       0xce build/main.o
                                 0xd1 (size before relaxing)
 .rodata.ADCPLLCLKPresTable
                0x08000c4e       0x20 build/n32g430_rcc.o
 .rodata.ADCHCLKPresTable
                0x08000c6e       0x10 build/n32g430_rcc.o
 .rodata.APBAHBPresTable
                0x08000c7e       0x10 build/n32g430_rcc.o
                0x08000c90                        . = ALIGN (0x4)
 *fill*         0x08000c8e        0x2 

.rel.dyn        0x08000c90        0x0
 .rel.iplt      0x08000c90        0x0 C:/Program Files (x86)/Arm GNU Toolchain arm-none-eabi/14.2 rel1/bin/../lib/gcc/arm-none-eabi/14.2.1/thumb/v7e-m+fp/hard/crtbegin.o

.ARM.extab
 *(.ARM.extab* .gnu.linkonce.armextab.*)

.ARM            0x08000c90        0x0
                0x08000c90                        __exidx_start = .
 *(.ARM.exidx*)
                0x08000c90                        __exidx_end = .

.preinit_array  0x08000c90        0x0
                0x08000c90                        PROVIDE (__preinit_array_start = .)
 *(.preinit_array*)
                0x08000c90                        PROVIDE (__preinit_array_end = .)

.init_array     0x08000c90        0x8
                0x08000c90                        PROVIDE (__init_array_start = .)
 *(SORT_BY_NAME(.init_array.*))
 .init_array.00000
                0x08000c90        0x4 C:/Program Files (x86)/Arm GNU Toolchain arm-none-eabi/14.2 rel1/bin/../lib/gcc/arm-none-eabi/14.2.1/thumb/v7e-m+fp/hard\libc.a(libc_a-__call_atexit.o)
 *(.init_array*)
 .init_array    0x08000c94        0x4 C:/Program Files (x86)/Arm GNU Toolchain arm-none-eabi/14.2 rel1/bin/../lib/gcc/arm-none-eabi/14.2.1/thumb/v7e-m+fp/hard/crtbegin.o
                0x08000c98                        PROVIDE (__init_array_end = .)

.fini_array     0x08000c98        0x4
                0x08000c98                        PROVIDE (__fini_array_start = .)
 *(SORT_BY_NAME(.fini_array.*))
 *(.fini_array*)
 .fini_array    0x08000c98        0x4 C:/Program Files (x86)/Arm GNU Toolchain arm-none-eabi/14.2 rel1/bin/../lib/gcc/arm-none-eabi/14.2.1/thumb/v7e-m+fp/hard/crtbegin.o
                0x08000c9c                        PROVIDE (__fini_array_end = .)
                0x08000c9c                        _sidata = LOADADDR (.data)

.data           0x20000000        0x8 load address 0x08000c9c
                0x20000000                        . = ALIGN (0x4)
                0x20000000                        _sdata = .
 *(.data)
 *(.data*)
 .data.SystemClockFrequency
                0x20000000        0x4 build/system_n32g430.o
                0x20000000                SystemClockFrequency
 .data.__atexit_recursive_mutex
                0x20000004        0x4 C:/Program Files (x86)/Arm GNU Toolchain arm-none-eabi/14.2 rel1/bin/../lib/gcc/arm-none-eabi/14.2.1/thumb/v7e-m+fp/hard\libc.a(libc_a-__call_atexit.o)
                0x20000004                __atexit_recursive_mutex
                0x20000008                        . = ALIGN (0x4)
                0x20000008                        _edata = .

.tm_clone_table
                0x20000008        0x0 load address 0x08000ca4
 .tm_clone_table
                0x20000008        0x0 C:/Program Files (x86)/Arm GNU Toolchain arm-none-eabi/14.2 rel1/bin/../lib/gcc/arm-none-eabi/14.2.1/thumb/v7e-m+fp/hard/crtbegin.o
 .tm_clone_table
                0x20000008        0x0 C:/Program Files (x86)/Arm GNU Toolchain arm-none-eabi/14.2 rel1/bin/../lib/gcc/arm-none-eabi/14.2.1/thumb/v7e-m+fp/hard/crtend.o

.igot.plt       0x20000008        0x0 load address 0x08000ca4
 .igot.plt      0x20000008        0x0 C:/Program Files (x86)/Arm GNU Toolchain arm-none-eabi/14.2 rel1/bin/../lib/gcc/arm-none-eabi/14.2.1/thumb/v7e-m+fp/hard/crtbegin.o
                0x20000008                        . = ALIGN (0x4)

.bss            0x20000008      0x2bc load address 0x08000ca4
                0x20000008                        _sbss = .
                0x20000008                        __bss_start__ = _sbss
 *(.bss)
 *(.bss*)
 .bss.completed.1
                0x20000008        0x1 C:/Program Files (x86)/Arm GNU Toolchain arm-none-eabi/14.2 rel1/bin/../lib/gcc/arm-none-eabi/14.2.1/thumb/v7e-m+fp/hard/crtbegin.o
 *fill*         0x20000009        0x3 
 .bss.object.0  0x2000000c       0x18 C:/Program Files (x86)/Arm GNU Toolchain arm-none-eabi/14.2 rel1/bin/../lib/gcc/arm-none-eabi/14.2.1/thumb/v7e-m+fp/hard/crtbegin.o
 .bss.rx_count  0x20000024        0x2 build/bsp_usart.o
 .bss.rx_tail   0x20000026        0x2 build/bsp_usart.o
 .bss.rx_head   0x20000028        0x2 build/bsp_usart.o
 .bss.usart1_rx_buffer
                0x2000002a      0x100 build/bsp_usart.o
 *fill*         0x2000012a        0x2 
 .bss.__lock___atexit_recursive_mutex
                0x2000012c        0x1 C:/Program Files (x86)/Arm GNU Toolchain arm-none-eabi/14.2 rel1/bin/../lib/gcc/arm-none-eabi/14.2.1/thumb/v7e-m+fp/hard\libc.a(libc_a-lock.o)
                0x2000012c                __lock___atexit_recursive_mutex
 *fill*         0x2000012d        0x3 
 .bss.__atexit  0x20000130        0x4 C:/Program Files (x86)/Arm GNU Toolchain arm-none-eabi/14.2 rel1/bin/../lib/gcc/arm-none-eabi/14.2.1/thumb/v7e-m+fp/hard\libc.a(libc_a-__call_atexit.o)
                0x20000130                __atexit
 .bss.__atexit0
                0x20000134      0x190 C:/Program Files (x86)/Arm GNU Toolchain arm-none-eabi/14.2 rel1/bin/../lib/gcc/arm-none-eabi/14.2.1/thumb/v7e-m+fp/hard\libc.a(libc_a-__atexit.o)
                0x20000134                __atexit0
 *(COMMON)
                0x200002c4                        . = ALIGN (0x4)
                0x200002c4                        _ebss = .
                0x200002c4                        __bss_end__ = _ebss

._user_heap_stack
                0x200002c4      0x600 load address 0x08000ca4
                0x200002c4                        . = ALIGN (0x4)
                0x200002c4                        PROVIDE (end = .)
                [!provide]                        PROVIDE (_end = .)
                0x200004c4                        . = (. + _Min_Heap_Size)
 *fill*         0x200002c4      0x200 
                0x200008c4                        . = (. + _Min_Stack_Size)
 *fill*         0x200004c4      0x400 
                0x200008c4                        . = ALIGN (0x4)

/DISCARD/
 libc.a(*)
 libm.a(*)
 libgcc.a(*)

.ARM.attributes
                0x00000000       0x30
 *(.ARM.attributes)
 .ARM.attributes
                0x00000000       0x22 C:/Program Files (x86)/Arm GNU Toolchain arm-none-eabi/14.2 rel1/bin/../lib/gcc/arm-none-eabi/14.2.1/thumb/v7e-m+fp/hard/crti.o
 .ARM.attributes
                0x00000022       0x34 C:/Program Files (x86)/Arm GNU Toolchain arm-none-eabi/14.2 rel1/bin/../lib/gcc/arm-none-eabi/14.2.1/thumb/v7e-m+fp/hard/crtbegin.o
 .ARM.attributes
                0x00000056       0x34 build/bsp_delay.o
 .ARM.attributes
                0x0000008a       0x34 build/bsp_led.o
 .ARM.attributes
                0x000000be       0x34 build/bsp_usart.o
 .ARM.attributes
                0x000000f2       0x34 build/main.o
 .ARM.attributes
                0x00000126       0x34 build/n32g430_it.o
 .ARM.attributes
                0x0000015a       0x34 build/system_n32g430.o
 .ARM.attributes
                0x0000018e       0x34 build/misc.o
 .ARM.attributes
                0x000001c2       0x34 build/n32g430_gpio.o
 .ARM.attributes
                0x000001f6       0x34 build/n32g430_rcc.o
 .ARM.attributes
                0x0000022a       0x34 build/n32g430_usart.o
 .ARM.attributes
                0x0000025e       0x21 build/startup_n32g430_gcc.o
 .ARM.attributes
                0x0000027f       0x34 C:/Program Files (x86)/Arm GNU Toolchain arm-none-eabi/14.2 rel1/bin/../lib/gcc/arm-none-eabi/14.2.1/thumb/v7e-m+fp/hard\libc.a(libc_a-init.o)
 .ARM.attributes
                0x000002b3       0x34 C:/Program Files (x86)/Arm GNU Toolchain arm-none-eabi/14.2 rel1/bin/../lib/gcc/arm-none-eabi/14.2.1/thumb/v7e-m+fp/hard\libc.a(libc_a-lock.o)
 .ARM.attributes
                0x000002e7       0x34 C:/Program Files (x86)/Arm GNU Toolchain arm-none-eabi/14.2 rel1/bin/../lib/gcc/arm-none-eabi/14.2.1/thumb/v7e-m+fp/hard\libc.a(libc_a-__call_atexit.o)
 .ARM.attributes
                0x0000031b       0x34 C:/Program Files (x86)/Arm GNU Toolchain arm-none-eabi/14.2 rel1/bin/../lib/gcc/arm-none-eabi/14.2.1/thumb/v7e-m+fp/hard\libc.a(libc_a-atexit.o)
 .ARM.attributes
                0x0000034f       0x34 C:/Program Files (x86)/Arm GNU Toolchain arm-none-eabi/14.2 rel1/bin/../lib/gcc/arm-none-eabi/14.2.1/thumb/v7e-m+fp/hard\libc.a(libc_a-fini.o)
 .ARM.attributes
                0x00000383       0x34 C:/Program Files (x86)/Arm GNU Toolchain arm-none-eabi/14.2 rel1/bin/../lib/gcc/arm-none-eabi/14.2.1/thumb/v7e-m+fp/hard\libc.a(libc_a-__atexit.o)
 .ARM.attributes
                0x000003b7       0x34 C:/Program Files (x86)/Arm GNU Toolchain arm-none-eabi/14.2 rel1/bin/../lib/gcc/arm-none-eabi/14.2.1/thumb/v7e-m+fp/hard/crtend.o
 .ARM.attributes
                0x000003eb       0x22 C:/Program Files (x86)/Arm GNU Toolchain arm-none-eabi/14.2 rel1/bin/../lib/gcc/arm-none-eabi/14.2.1/thumb/v7e-m+fp/hard/crtn.o
OUTPUT(build/output.elf elf32-littlearm)
LOAD linker stubs
LOAD C:/Program Files (x86)/Arm GNU Toolchain arm-none-eabi/14.2 rel1/bin/../lib/gcc/arm-none-eabi/14.2.1/thumb/v7e-m+fp/hard\libc.a
LOAD C:/Program Files (x86)/Arm GNU Toolchain arm-none-eabi/14.2 rel1/bin/../lib/gcc/arm-none-eabi/14.2.1/thumb/v7e-m+fp/hard\libm.a
LOAD C:/Program Files (x86)/Arm GNU Toolchain arm-none-eabi/14.2 rel1/bin/../lib/gcc/arm-none-eabi/14.2.1/thumb/v7e-m+fp/hard\libgcc.a

.debug_info     0x00000000     0x5f07
 .debug_info    0x00000000      0x858 build/bsp_delay.o
 .debug_info    0x00000858      0x476 build/bsp_led.o
 .debug_info    0x00000cce      0xb2a build/bsp_usart.o
 .debug_info    0x000017f8      0x566 build/main.o
 .debug_info    0x00001d5e      0x109 build/n32g430_it.o
 .debug_info    0x00001e67      0x727 build/system_n32g430.o
 .debug_info    0x0000258e      0x60c build/misc.o
 .debug_info    0x00002b9a      0xfa0 build/n32g430_gpio.o
 .debug_info    0x00003b3a     0x108a build/n32g430_rcc.o
 .debug_info    0x00004bc4     0x1313 build/n32g430_usart.o
 .debug_info    0x00005ed7       0x30 build/startup_n32g430_gcc.o

.debug_abbrev   0x00000000     0x1447
 .debug_abbrev  0x00000000      0x21b build/bsp_delay.o
 .debug_abbrev  0x0000021b      0x179 build/bsp_led.o
 .debug_abbrev  0x00000394      0x293 build/bsp_usart.o
 .debug_abbrev  0x00000627      0x171 build/main.o
 .debug_abbrev  0x00000798       0x7a build/n32g430_it.o
 .debug_abbrev  0x00000812      0x185 build/system_n32g430.o
 .debug_abbrev  0x00000997      0x183 build/misc.o
 .debug_abbrev  0x00000b1a      0x345 build/n32g430_gpio.o
 .debug_abbrev  0x00000e5f      0x2bb build/n32g430_rcc.o
 .debug_abbrev  0x0000111a      0x310 build/n32g430_usart.o
 .debug_abbrev  0x0000142a       0x1d build/startup_n32g430_gcc.o

.debug_loc      0x00000000     0x30bb
 .debug_loc     0x00000000      0x2ce build/bsp_delay.o
 .debug_loc     0x000002ce      0x1a9 build/bsp_led.o
 .debug_loc     0x00000477      0x2c4 build/bsp_usart.o
 .debug_loc     0x0000073b       0xc4 build/main.o
 .debug_loc     0x000007ff      0x128 build/system_n32g430.o
 .debug_loc     0x00000927      0x1ce build/misc.o
 .debug_loc     0x00000af5      0xc51 build/n32g430_gpio.o
 .debug_loc     0x00001746      0x831 build/n32g430_rcc.o
 .debug_loc     0x00001f77     0x1144 build/n32g430_usart.o

.debug_aranges  0x00000000      0x690
 .debug_aranges
                0x00000000       0x28 build/bsp_delay.o
 .debug_aranges
                0x00000028       0x38 build/bsp_led.o
 .debug_aranges
                0x00000060       0x60 build/bsp_usart.o
 .debug_aranges
                0x000000c0       0x20 build/main.o
 .debug_aranges
                0x000000e0       0x58 build/n32g430_it.o
 .debug_aranges
                0x00000138       0x28 build/system_n32g430.o
 .debug_aranges
                0x00000160       0x48 build/misc.o
 .debug_aranges
                0x000001a8      0x140 build/n32g430_gpio.o
 .debug_aranges
                0x000002e8      0x1f8 build/n32g430_rcc.o
 .debug_aranges
                0x000004e0      0x188 build/n32g430_usart.o
 .debug_aranges
                0x00000668       0x28 build/startup_n32g430_gcc.o

.debug_ranges   0x00000000      0x660
 .debug_ranges  0x00000000       0x48 build/bsp_delay.o
 .debug_ranges  0x00000048       0x28 build/bsp_led.o
 .debug_ranges  0x00000070       0x50 build/bsp_usart.o
 .debug_ranges  0x000000c0       0x10 build/main.o
 .debug_ranges  0x000000d0       0x48 build/n32g430_it.o
 .debug_ranges  0x00000118       0x30 build/system_n32g430.o
 .debug_ranges  0x00000148       0x38 build/misc.o
 .debug_ranges  0x00000180      0x160 build/n32g430_gpio.o
 .debug_ranges  0x000002e0      0x1e8 build/n32g430_rcc.o
 .debug_ranges  0x000004c8      0x178 build/n32g430_usart.o
 .debug_ranges  0x00000640       0x20 build/startup_n32g430_gcc.o

.debug_line     0x00000000     0x3a8a
 .debug_line    0x00000000      0x316 build/bsp_delay.o
 .debug_line    0x00000316      0x20b build/bsp_led.o
 .debug_line    0x00000521      0x42c build/bsp_usart.o
 .debug_line    0x0000094d      0x267 build/main.o
 .debug_line    0x00000bb4       0xe4 build/n32g430_it.o
 .debug_line    0x00000c98      0x450 build/system_n32g430.o
 .debug_line    0x000010e8      0x2fb build/misc.o
 .debug_line    0x000013e3      0xd15 build/n32g430_gpio.o
 .debug_line    0x000020f8      0xd7b build/n32g430_rcc.o
 .debug_line    0x00002e73      0xb82 build/n32g430_usart.o
 .debug_line    0x000039f5       0x95 build/startup_n32g430_gcc.o

.debug_str      0x00000000     0x2244
 .debug_str     0x00000000     0x2244 build/bsp_delay.o
                                0x6c0 (size before relaxing)
 .debug_str     0x00002244      0x301 build/bsp_led.o
 .debug_str     0x00002244      0x93f build/bsp_usart.o
 .debug_str     0x00002244      0x2b0 build/main.o
 .debug_str     0x00002244      0x213 build/n32g430_it.o
 .debug_str     0x00002244      0x470 build/system_n32g430.o
 .debug_str     0x00002244      0x461 build/misc.o
 .debug_str     0x00002244      0x8d2 build/n32g430_gpio.o
 .debug_str     0x00002244      0xb73 build/n32g430_rcc.o
 .debug_str     0x00002244      0x981 build/n32g430_usart.o
 .debug_str     0x00002244       0xa7 build/startup_n32g430_gcc.o

.comment        0x00000000       0x45
 .comment       0x00000000       0x45 build/bsp_delay.o
                                 0x46 (size before relaxing)
 .comment       0x00000045       0x46 build/bsp_led.o
 .comment       0x00000045       0x46 build/bsp_usart.o
 .comment       0x00000045       0x46 build/main.o
 .comment       0x00000045       0x46 build/n32g430_it.o
 .comment       0x00000045       0x46 build/system_n32g430.o
 .comment       0x00000045       0x46 build/misc.o
 .comment       0x00000045       0x46 build/n32g430_gpio.o
 .comment       0x00000045       0x46 build/n32g430_rcc.o
 .comment       0x00000045       0x46 build/n32g430_usart.o

.debug_frame    0x00000000      0xf30
 .debug_frame   0x00000000       0x50 build/bsp_delay.o
 .debug_frame   0x00000050       0x60 build/bsp_led.o
 .debug_frame   0x000000b0       0xf8 build/bsp_usart.o
 .debug_frame   0x000001a8       0x30 build/main.o
 .debug_frame   0x000001d8       0x90 build/n32g430_it.o
 .debug_frame   0x00000268       0x3c build/system_n32g430.o
 .debug_frame   0x000002a4       0x7c build/misc.o
 .debug_frame   0x00000320      0x30c build/n32g430_gpio.o
 .debug_frame   0x0000062c      0x42c build/n32g430_rcc.o
 .debug_frame   0x00000a58      0x318 build/n32g430_usart.o
 .debug_frame   0x00000d70       0x2c C:/Program Files (x86)/Arm GNU Toolchain arm-none-eabi/14.2 rel1/bin/../lib/gcc/arm-none-eabi/14.2.1/thumb/v7e-m+fp/hard\libc.a(libc_a-init.o)
 .debug_frame   0x00000d9c       0xb0 C:/Program Files (x86)/Arm GNU Toolchain arm-none-eabi/14.2 rel1/bin/../lib/gcc/arm-none-eabi/14.2.1/thumb/v7e-m+fp/hard\libc.a(libc_a-lock.o)
 .debug_frame   0x00000e4c       0x5c C:/Program Files (x86)/Arm GNU Toolchain arm-none-eabi/14.2 rel1/bin/../lib/gcc/arm-none-eabi/14.2.1/thumb/v7e-m+fp/hard\libc.a(libc_a-__call_atexit.o)
 .debug_frame   0x00000ea8       0x20 C:/Program Files (x86)/Arm GNU Toolchain arm-none-eabi/14.2 rel1/bin/../lib/gcc/arm-none-eabi/14.2.1/thumb/v7e-m+fp/hard\libc.a(libc_a-atexit.o)
 .debug_frame   0x00000ec8       0x34 C:/Program Files (x86)/Arm GNU Toolchain arm-none-eabi/14.2 rel1/bin/../lib/gcc/arm-none-eabi/14.2.1/thumb/v7e-m+fp/hard\libc.a(libc_a-fini.o)
 .debug_frame   0x00000efc       0x34 C:/Program Files (x86)/Arm GNU Toolchain arm-none-eabi/14.2 rel1/bin/../lib/gcc/arm-none-eabi/14.2.1/thumb/v7e-m+fp/hard\libc.a(libc_a-__atexit.o)
