Archive member included to satisfy reference by file (symbol)

D:/Tools/arm-gnu-toolchain/bin/../lib/gcc/arm-none-eabi/14.2.1/thumb/v7e-m/nofp\libc_nano.a(libc_a-exit.o)
                              D:/Tools/arm-gnu-toolchain/bin/../lib/gcc/arm-none-eabi/14.2.1/thumb/v7e-m/nofp/crt0.o (exit)
D:/Tools/arm-gnu-toolchain/bin/../lib/gcc/arm-none-eabi/14.2.1/thumb/v7e-m/nofp\libc_nano.a(libc_a-findfp.o)
                              D:/Tools/arm-gnu-toolchain/bin/../lib/gcc/arm-none-eabi/14.2.1/thumb/v7e-m/nofp\libc_nano.a(libc_a-exit.o) (__stdio_exit_handler)
D:/Tools/arm-gnu-toolchain/bin/../lib/gcc/arm-none-eabi/14.2.1/thumb/v7e-m/nofp\libc_nano.a(libc_a-fwalk.o)
                              D:/Tools/arm-gnu-toolchain/bin/../lib/gcc/arm-none-eabi/14.2.1/thumb/v7e-m/nofp\libc_nano.a(libc_a-findfp.o) (_fwalk_sglue)
D:/Tools/arm-gnu-toolchain/bin/../lib/gcc/arm-none-eabi/14.2.1/thumb/v7e-m/nofp\libc_nano.a(libc_a-snprintf.o)
                              build/usart.o (snprintf)
D:/Tools/arm-gnu-toolchain/bin/../lib/gcc/arm-none-eabi/14.2.1/thumb/v7e-m/nofp\libc_nano.a(libc_a-stdio.o)
                              D:/Tools/arm-gnu-toolchain/bin/../lib/gcc/arm-none-eabi/14.2.1/thumb/v7e-m/nofp\libc_nano.a(libc_a-findfp.o) (__sread)
D:/Tools/arm-gnu-toolchain/bin/../lib/gcc/arm-none-eabi/14.2.1/thumb/v7e-m/nofp\libc_nano.a(libc_a-vsnprintf.o)
                              build/usart.o (vsnprintf)
D:/Tools/arm-gnu-toolchain/bin/../lib/gcc/arm-none-eabi/14.2.1/thumb/v7e-m/nofp\libc_nano.a(libc_a-memset.o)
                              D:/Tools/arm-gnu-toolchain/bin/../lib/gcc/arm-none-eabi/14.2.1/thumb/v7e-m/nofp/crt0.o (memset)
D:/Tools/arm-gnu-toolchain/bin/../lib/gcc/arm-none-eabi/14.2.1/thumb/v7e-m/nofp\libc_nano.a(libc_a-closer.o)
                              D:/Tools/arm-gnu-toolchain/bin/../lib/gcc/arm-none-eabi/14.2.1/thumb/v7e-m/nofp\libc_nano.a(libc_a-stdio.o) (_close_r)
D:/Tools/arm-gnu-toolchain/bin/../lib/gcc/arm-none-eabi/14.2.1/thumb/v7e-m/nofp\libc_nano.a(libc_a-reent.o)
                              D:/Tools/arm-gnu-toolchain/bin/../lib/gcc/arm-none-eabi/14.2.1/thumb/v7e-m/nofp\libc_nano.a(libc_a-closer.o) (errno)
D:/Tools/arm-gnu-toolchain/bin/../lib/gcc/arm-none-eabi/14.2.1/thumb/v7e-m/nofp\libc_nano.a(libc_a-impure.o)
                              D:/Tools/arm-gnu-toolchain/bin/../lib/gcc/arm-none-eabi/14.2.1/thumb/v7e-m/nofp\libc_nano.a(libc_a-snprintf.o) (_impure_ptr)
D:/Tools/arm-gnu-toolchain/bin/../lib/gcc/arm-none-eabi/14.2.1/thumb/v7e-m/nofp\libc_nano.a(libc_a-lseekr.o)
                              D:/Tools/arm-gnu-toolchain/bin/../lib/gcc/arm-none-eabi/14.2.1/thumb/v7e-m/nofp\libc_nano.a(libc_a-stdio.o) (_lseek_r)
D:/Tools/arm-gnu-toolchain/bin/../lib/gcc/arm-none-eabi/14.2.1/thumb/v7e-m/nofp\libc_nano.a(libc_a-readr.o)
                              D:/Tools/arm-gnu-toolchain/bin/../lib/gcc/arm-none-eabi/14.2.1/thumb/v7e-m/nofp\libc_nano.a(libc_a-stdio.o) (_read_r)
D:/Tools/arm-gnu-toolchain/bin/../lib/gcc/arm-none-eabi/14.2.1/thumb/v7e-m/nofp\libc_nano.a(libc_a-writer.o)
                              D:/Tools/arm-gnu-toolchain/bin/../lib/gcc/arm-none-eabi/14.2.1/thumb/v7e-m/nofp\libc_nano.a(libc_a-stdio.o) (_write_r)
D:/Tools/arm-gnu-toolchain/bin/../lib/gcc/arm-none-eabi/14.2.1/thumb/v7e-m/nofp\libc_nano.a(libc_a-errno.o)
                              build/syscalls.o (__errno)
D:/Tools/arm-gnu-toolchain/bin/../lib/gcc/arm-none-eabi/14.2.1/thumb/v7e-m/nofp\libc_nano.a(libc_a-init.o)
                              D:/Tools/arm-gnu-toolchain/bin/../lib/gcc/arm-none-eabi/14.2.1/thumb/v7e-m/nofp/crt0.o (__libc_init_array)
D:/Tools/arm-gnu-toolchain/bin/../lib/gcc/arm-none-eabi/14.2.1/thumb/v7e-m/nofp\libc_nano.a(libc_a-lock.o)
                              D:/Tools/arm-gnu-toolchain/bin/../lib/gcc/arm-none-eabi/14.2.1/thumb/v7e-m/nofp\libc_nano.a(libc_a-findfp.o) (__retarget_lock_init_recursive)
D:/Tools/arm-gnu-toolchain/bin/../lib/gcc/arm-none-eabi/14.2.1/thumb/v7e-m/nofp\libc_nano.a(libc_a-strcmp.o)
                              build/usart.o (strcmp)
D:/Tools/arm-gnu-toolchain/bin/../lib/gcc/arm-none-eabi/14.2.1/thumb/v7e-m/nofp\libc_nano.a(libc_a-freer.o)
                              D:/Tools/arm-gnu-toolchain/bin/../lib/gcc/arm-none-eabi/14.2.1/thumb/v7e-m/nofp\libc_nano.a(libc_a-reent.o) (_free_r)
D:/Tools/arm-gnu-toolchain/bin/../lib/gcc/arm-none-eabi/14.2.1/thumb/v7e-m/nofp\libc_nano.a(libc_a-mallocr.o)
                              D:/Tools/arm-gnu-toolchain/bin/../lib/gcc/arm-none-eabi/14.2.1/thumb/v7e-m/nofp\libc_nano.a(libc_a-findfp.o) (_malloc_r)
D:/Tools/arm-gnu-toolchain/bin/../lib/gcc/arm-none-eabi/14.2.1/thumb/v7e-m/nofp\libc_nano.a(libc_a-mlock.o)
                              D:/Tools/arm-gnu-toolchain/bin/../lib/gcc/arm-none-eabi/14.2.1/thumb/v7e-m/nofp\libc_nano.a(libc_a-freer.o) (__malloc_lock)
D:/Tools/arm-gnu-toolchain/bin/../lib/gcc/arm-none-eabi/14.2.1/thumb/v7e-m/nofp\libc_nano.a(libc_a-nano-svfprintf.o)
[...]
Memory Configuration

Name             Origin             Length             Attributes
FLASH            0x08000000         0x00010000         xr
RAM              0x20000000         0x00008000         xrw
*default*        0x00000000         0xffffffff

Linker script and memory map

LOAD D:/Tools/arm-gnu-toolchain/bin/../lib/gcc/arm-none-eabi/14.2.1/thumb/v7e-m/nofp/crti.o
LOAD D:/Tools/arm-gnu-toolchain/bin/../lib/gcc/arm-none-eabi/14.2.1/thumb/v7e-m/nofp/crtbegin.o
LOAD D:/Tools/arm-gnu-toolchain/bin/../lib/gcc/arm-none-eabi/14.2.1/thumb/v7e-m/nofp/crt0.o
LOAD build/main.o
LOAD build/timer.o
LOAD build/gpio.o
LOAD build/usart.o
LOAD build/syscalls.o
LOAD build/N32_assert.o
LOAD build/system_n32g430.o
LOAD build/n32g430_rcc.o
LOAD build/n32g430_gpio.o
LOAD build/n32g430_exti.o
LOAD build/n32g430_usart.o
LOAD build/n32g430_tim.o
LOAD build/n32g430_dma.o
LOAD build/n32g430_adc.o
LOAD build/n32g430_spi.o
LOAD build/n32g430_i2c.o
LOAD build/n32g430_flash.o
LOAD build/n32g430_pwr.o
LOAD build/misc.o
LOAD build/startup_n32g430_gcc.o
LOAD D:/Tools/arm-gnu-toolchain/bin/../lib/gcc/arm-none-eabi/14.2.1/thumb/v7e-m/nofp\libc_nano.a
LOAD D:/Tools/arm-gnu-toolchain/bin/../lib/gcc/arm-none-eabi/14.2.1/thumb/v7e-m/nofp\libm.a
LOAD D:/Tools/arm-gnu-toolchain/bin/../lib/gcc/arm-none-eabi/14.2.1/thumb/v7e-m/nofp\libnosys.a
START GROUP
LOAD D:/Tools/arm-gnu-toolchain/bin/../lib/gcc/arm-none-eabi/14.2.1/thumb/v7e-m/nofp\libgcc.a
LOAD D:/Tools/arm-gnu-toolchain/bin/../lib/gcc/arm-none-eabi/14.2.1/thumb/v7e-m/nofp\libc_nano.a
END GROUP
START GROUP
LOAD D:/Tools/arm-gnu-toolchain/bin/../lib/gcc/arm-none-eabi/14.2.1/thumb/v7e-m/nofp\libgcc.a
LOAD D:/Tools/arm-gnu-toolchain/bin/../lib/gcc/arm-none-eabi/14.2.1/thumb/v7e-m/nofp\libc_nano.a
END GROUP
LOAD D:/Tools/arm-gnu-toolchain/bin/../lib/gcc/arm-none-eabi/14.2.1/thumb/v7e-m/nofp/crtend.o
LOAD D:/Tools/arm-gnu-toolchain/bin/../lib/gcc/arm-none-eabi/14.2.1/thumb/v7e-m/nofp/crtn.o
                0x20008000                        _estack = 0x20008000
                0x00000200                        _Min_Heap_Size = 0x200
                0x00000400                        _Min_Stack_Size = 0x400

.isr_vector     0x08000000      0x114
                0x08000000                        . = ALIGN (0x4)
 *(.isr_vector)
 .isr_vector    0x08000000      0x114 build/startup_n32g430_gcc.o
                0x08000000                g_pfnVectors
                0x08000114                        . = ALIGN (0x4)

.text           0x08000120     0x16b4
                0x08000120                        . = ALIGN (0x4)
 *(.text)
 .text          0x08000120       0xa0 D:/Tools/arm-gnu-toolchain/bin/../lib/gcc/arm-none-eabi/14.2.1/thumb/v7e-m/nofp\libc_nano.a(libc_a-memchr.o)
                0x08000120                memchr
 *(.text*)
 .text.deregister_tm_clones
                0x080001c0       0x1c D:/Tools/arm-gnu-toolchain/bin/../lib/gcc/arm-none-eabi/14.2.1/thumb/v7e-m/nofp/crtbegin.o
 .text.register_tm_clones
                0x080001dc       0x24 D:/Tools/arm-gnu-toolchain/bin/../lib/gcc/arm-none-eabi/14.2.1/thumb/v7e-m/nofp/crtbegin.o
 .text.__do_global_dtors_aux
                0x08000200       0x28 D:/Tools/arm-gnu-toolchain/bin/../lib/gcc/arm-none-eabi/14.2.1/thumb/v7e-m/nofp/crtbegin.o
 .text.frame_dummy
                0x08000228       0x24 D:/Tools/arm-gnu-toolchain/bin/../lib/gcc/arm-none-eabi/14.2.1/thumb/v7e-m/nofp/crtbegin.o
 .text.SystemClock_Config
                0x0800024c       0x5c build/main.o
                0x0800024c                SystemClock_Config
 .text.main     0x080002a8       0x4c build/main.o
                0x080002a8                main
 .text.Timer_Init
                0x080002f4       0x40 build/timer.o
                0x080002f4                Timer_Init
 .text.SysTick_Handler
                0x08000334       0x10 build/timer.o
                0x08000334                SysTick_Handler
 .text.Delay_us
                0x08000344       0x28 build/timer.o
                0x08000344                Delay_us
 .text.Delay_ms
                0x0800036c       0x16 build/timer.o
                0x0800036c                Delay_ms
 *fill*         0x08000382        0x2 
 .text.Get_Tick_Count
                0x08000384        0xc build/timer.o
                0x08000384                Get_Tick_Count
 .text.Timer_Get_System_Clock_Hz
                0x08000390       0x12 build/timer.o
                0x08000390                Timer_Get_System_Clock_Hz
 *fill*         0x080003a2        0x2 
 .text.LED_GPIO_Config
                0x080003a4       0x34 build/gpio.o
                0x080003a4                LED_GPIO_Config
 .text.USART1_Init
                0x080003d8       0xd8 build/usart.o
                0x080003d8                USART1_Init
 .text.USART1_Send_Char
                0x080004b0       0x34 build/usart.o
                0x080004b0                USART1_Send_Char
 .text.USART1_Send_String
                0x080004e4       0x16 build/usart.o
                0x080004e4                USART1_Send_String
 *fill*         0x080004fa        0x2 
 .text.USART1_Printf
                0x080004fc       0x34 build/usart.o
                0x080004fc                USART1_Printf
 .text.USART1_IRQHandler
                0x08000530       0x68 build/usart.o
                0x08000530                USART1_IRQHandler
 .text.USART1_Test_Communication
                0x08000598       0x44 build/usart.o
                0x08000598                USART1_Test_Communication
 .text._sbrk    0x080005dc       0x3c build/syscalls.o
                0x080005dc                _sbrk
 .text.Get_NVR_Value
                0x08000618        0xc build/system_n32g430.o
                0x08000618                Get_NVR_Value
 .text.PLL_TrimValueLoad
                0x08000624       0x78 build/system_n32g430.o
                0x08000624                PLL_TrimValueLoad
 .text.System_Clock_Set
                0x0800069c      0x128 build/system_n32g430.o
 .text.System_Initializes
                0x080007c4       0x88 build/system_n32g430.o
                0x080007c4                System_Initializes
 .text.RCC_HSE_Config
                0x0800084c       0x3c build/n32g430_rcc.o
                0x0800084c                RCC_HSE_Config
 .text.RCC_PLL_Config
                0x08000888       0x2c build/n32g430_rcc.o
                0x08000888                RCC_PLL_Config
 .text.RCC_PLL_Enable
                0x080008b4        0xc build/n32g430_rcc.o
                0x080008b4                RCC_PLL_Enable
 .text.RCC_Sysclk_Config
                0x080008c0       0x14 build/n32g430_rcc.o
                0x080008c0                RCC_Sysclk_Config
 .text.RCC_Sysclk_Source_Get
                0x080008d4       0x10 build/n32g430_rcc.o
                0x080008d4                RCC_Sysclk_Source_Get
 .text.RCC_Hclk_Config
                0x080008e4       0x14 build/n32g430_rcc.o
                0x080008e4                RCC_Hclk_Config
 .text.RCC_Pclk1_Config
                0x080008f8       0x14 build/n32g430_rcc.o
                0x080008f8                RCC_Pclk1_Config
 .text.RCC_Pclk2_Config
                0x0800090c       0x14 build/n32g430_rcc.o
                0x0800090c                RCC_Pclk2_Config
 .text.RCC_Clocks_Frequencies_Value_Get
                0x08000920       0xf8 build/n32g430_rcc.o
                0x08000920                RCC_Clocks_Frequencies_Value_Get
 .text.RCC_AHB_Peripheral_Clock_Enable
                0x08000a18       0x10 build/n32g430_rcc.o
                0x08000a18                RCC_AHB_Peripheral_Clock_Enable
 .text.RCC_APB2_Peripheral_Clock_Enable
                0x08000a28       0x10 build/n32g430_rcc.o
                0x08000a28                RCC_APB2_Peripheral_Clock_Enable
 .text.RCC_Flag_Status_Get
                0x08000a38       0x34 build/n32g430_rcc.o
                0x08000a38                RCC_Flag_Status_Get
 .text.RCC_HSE_Stable_Wait
                0x08000a6c       0x48 build/n32g430_rcc.o
                0x08000a6c                RCC_HSE_Stable_Wait
 .text.GPIO_Alternate_Set
                0x08000ab4       0x40 build/n32g430_gpio.o
                0x08000ab4                GPIO_Alternate_Set
 .text.GPIO_Mode_Set
                0x08000af4       0x48 build/n32g430_gpio.o
                0x08000af4                GPIO_Mode_Set
 .text.GPIO_Pull_Set
                0x08000b3c       0x18 build/n32g430_gpio.o
                0x08000b3c                GPIO_Pull_Set
 .text.GPIO_SlewRate_Set
                0x08000b54       0x16 build/n32g430_gpio.o
                0x08000b54                GPIO_SlewRate_Set
 .text.GPIO_Driver_Set
                0x08000b6a       0x18 build/n32g430_gpio.o
                0x08000b6a                GPIO_Driver_Set
 .text.GPIO_Peripheral_Initialize
                0x08000b82       0x52 build/n32g430_gpio.o
                0x08000b82                GPIO_Peripheral_Initialize
 .text.GPIO_Pin_Toggle
                0x08000bd4        0x8 build/n32g430_gpio.o
                0x08000bd4                GPIO_Pin_Toggle
 .text.USART_Baud_Rate_Config
                0x08000bdc       0x68 build/n32g430_usart.o
                0x08000bdc                USART_Baud_Rate_Config
 .text.USART_Word_Length_Config
                0x08000c44        0xe build/n32g430_usart.o
                0x08000c44                USART_Word_Length_Config
 .text.USART_Stop_Bits_Config
                0x08000c52        0xe build/n32g430_usart.o
                0x08000c52                USART_Stop_Bits_Config
 .text.USART_Parity_Config
                0x08000c60        0xe build/n32g430_usart.o
                0x08000c60                USART_Parity_Config
 .text.USART_Mode_Config
                0x08000c6e        0xe build/n32g430_usart.o
                0x08000c6e                USART_Mode_Config
 .text.USART_Hardware_Flow_Control_Config
                0x08000c7c        0xe build/n32g430_usart.o
                0x08000c7c                USART_Hardware_Flow_Control_Config
 .text.USART_Initializes
                0x08000c8a       0x36 build/n32g430_usart.o
                0x08000c8a                USART_Initializes
 .text.USART_Enable
                0x08000cc0        0xc build/n32g430_usart.o
                0x08000cc0                USART_Enable
 .text.USART_Interrput_Enable
                0x08000ccc       0x26 build/n32g430_usart.o
                0x08000ccc                USART_Interrput_Enable
 .text.USART_Data_Send
                0x08000cf2        0x8 build/n32g430_usart.o
                0x08000cf2                USART_Data_Send
 .text.USART_Data_Receive
                0x08000cfa        0x8 build/n32g430_usart.o
                0x08000cfa                USART_Data_Receive
 .text.USART_Flag_Status_Get
                0x08000d02        0xe build/n32g430_usart.o
                0x08000d02                USART_Flag_Status_Get
 .text.USART_Interrupt_Status_Get
                0x08000d10       0x4a build/n32g430_usart.o
                0x08000d10                USART_Interrupt_Status_Get
 .text.USART_Interrupt_Status_Clear
                0x08000d5a       0x10 build/n32g430_usart.o
                0x08000d5a                USART_Interrupt_Status_Clear
 *fill*         0x08000d6a        0x2 
 .text.FLASH_Latency_Set
                0x08000d6c       0x14 build/n32g430_flash.o
                0x08000d6c                FLASH_Latency_Set
 .text.FLASH_Prefetch_Buffer_Enable
                0x08000d80       0x10 build/n32g430_flash.o
                0x08000d80                FLASH_Prefetch_Buffer_Enable
 .text.NVIC_Initializes
                0x08000d90       0x60 build/misc.o
                0x08000d90                NVIC_Initializes
 .text.Reset_Handler
                0x08000df0       0x48 build/startup_n32g430_gcc.o
                0x08000df0                Reset_Handler
 .text.Default_Handler
                0x08000e38        0x2 build/startup_n32g430_gcc.o
                0x08000e38                EXTI2_IRQHandler
                0x08000e38                TIM8_TRG_COM_IRQHandler
                0x08000e38                TIM8_CC_IRQHandler
                0x08000e38                DebugMon_Handler
                0x08000e38                TIM1_CC_IRQHandler
                0x08000e38                HardFault_Handler
                0x08000e38                TIM6_IRQHandler
                0x08000e38                PVD_IRQHandler
                0x08000e38                PendSV_Handler
                0x08000e38                NMI_Handler
                0x08000e38                EXTI3_IRQHandler
                0x08000e38                DMA_Channel8_IRQHandler
                0x08000e38                EXTI0_IRQHandler
                0x08000e38                I2C2_EV_IRQHandler
                0x08000e38                CAN_TX_IRQHandler
                0x08000e38                UsageFault_Handler
                0x08000e38                SPI1_IRQHandler
                0x08000e38                CAN_SCE_IRQHandler
                0x08000e38                RTC_TAMPER_STAMP_IRQHandler
                0x08000e38                DMA_Channel1_IRQHandler
                0x08000e38                TIM8_UP_IRQHandler
                0x08000e38                DMA_Channel4_IRQHandler
                0x08000e38                TIM4_IRQHandler
                0x08000e38                DMA_Channel5_IRQHandler
                0x08000e38                CAN_RX1_IRQHandler
                0x08000e38                I2C1_EV_IRQHandler
                0x08000e38                UART4_IRQHandler
                0x08000e38                TIM3_IRQHandler
                0x08000e38                RCC_IRQHandler
                0x08000e38                TIM1_TRG_COM_IRQHandler
                0x08000e38                Default_Handler
                0x08000e38                EXTI15_10_IRQHandler
                0x08000e38                ADC_IRQHandler
                0x08000e38                DMA_Channel3_IRQHandler
                0x08000e38                TIM5_IRQHandler
                0x08000e38                EXTI9_5_IRQHandler
                0x08000e38                RTC_WKUP_IRQHandler
                0x08000e38                MMU_IRQHandler
                0x08000e38                SPI2_IRQHandler
                0x08000e38                DMA_Channel2_IRQHandler
                0x08000e38                MemManage_Handler
                0x08000e38                SVC_Handler
                0x08000e38                COMP_1_2_3_IRQHandler
                0x08000e38                EXTI4_IRQHandler
                0x08000e38                TIM1_UP_IRQHandler
                0x08000e38                DMA_Channel7_IRQHandler
                0x08000e38                WWDG_IRQHandler
                0x08000e38                TIM2_IRQHandler
                0x08000e38                TIM1_BRK_IRQHandler
                0x08000e38                EXTI1_IRQHandler
                0x08000e38                DMA_Channel6_IRQHandler
                0x08000e38                RTCAlarm_IRQHandler
                0x08000e38                USART2_IRQHandler
                0x08000e38                I2C2_ER_IRQHandler
                0x08000e38                LPTIM_WKUP_IRQHandler
                0x08000e38                TIM8_BRK_IRQHandler
                0x08000e38                FLASH_IRQHandler
                0x08000e38                BusFault_Handler
                0x08000e38                CAN_RX0_IRQHandler
                0x08000e38                UART3_IRQHandler
                0x08000e38                I2C1_ER_IRQHandler
 .text._vsnprintf_r
                0x08000e3a       0x5c D:/Tools/arm-gnu-toolchain/bin/../lib/gcc/arm-none-eabi/14.2.1/thumb/v7e-m/nofp\libc_nano.a(libc_a-vsnprintf.o)
                0x08000e3a                _vsniprintf_r
                0x08000e3a                _vsnprintf_r
 *fill*         0x08000e96        0x2 
 .text.vsnprintf
                0x08000e98       0x1c D:/Tools/arm-gnu-toolchain/bin/../lib/gcc/arm-none-eabi/14.2.1/thumb/v7e-m/nofp\libc_nano.a(libc_a-vsnprintf.o)
                0x08000e98                vsniprintf
                0x08000e98                vsnprintf
 .text.memset   0x08000eb4       0x10 D:/Tools/arm-gnu-toolchain/bin/../lib/gcc/arm-none-eabi/14.2.1/thumb/v7e-m/nofp\libc_nano.a(libc_a-memset.o)
                0x08000eb4                memset
 .text.__errno  0x08000ec4        0xc D:/Tools/arm-gnu-toolchain/bin/../lib/gcc/arm-none-eabi/14.2.1/thumb/v7e-m/nofp\libc_nano.a(libc_a-errno.o)
                0x08000ec4                __errno
 .text.__libc_init_array
                0x08000ed0       0x48 D:/Tools/arm-gnu-toolchain/bin/../lib/gcc/arm-none-eabi/14.2.1/thumb/v7e-m/nofp\libc_nano.a(libc_a-init.o)
                0x08000ed0                __libc_init_array
 .text.__retarget_lock_acquire_recursive
                0x08000f18        0x2 D:/Tools/arm-gnu-toolchain/bin/../lib/gcc/arm-none-eabi/14.2.1/thumb/v7e-m/nofp\libc_nano.a(libc_a-lock.o)
                0x08000f18                __retarget_lock_acquire_recursive
 .text.__retarget_lock_release_recursive
                0x08000f1a        0x2 D:/Tools/arm-gnu-toolchain/bin/../lib/gcc/arm-none-eabi/14.2.1/thumb/v7e-m/nofp\libc_nano.a(libc_a-lock.o)
                0x08000f1a                __retarget_lock_release_recursive
 .text._free_r  0x08000f1c       0x94 D:/Tools/arm-gnu-toolchain/bin/../lib/gcc/arm-none-eabi/14.2.1/thumb/v7e-m/nofp\libc_nano.a(libc_a-freer.o)
                0x08000f1c                _free_r
 .text.sbrk_aligned
                0x08000fb0       0x44 D:/Tools/arm-gnu-toolchain/bin/../lib/gcc/arm-none-eabi/14.2.1/thumb/v7e-m/nofp\libc_nano.a(libc_a-mallocr.o)
 .text._malloc_r
                0x08000ff4      0x100 D:/Tools/arm-gnu-toolchain/bin/../lib/gcc/arm-none-eabi/14.2.1/thumb/v7e-m/nofp\libc_nano.a(libc_a-mallocr.o)
                0x08000ff4                _malloc_r
 .text.__malloc_lock
                0x080010f4        0xc D:/Tools/arm-gnu-toolchain/bin/../lib/gcc/arm-none-eabi/14.2.1/thumb/v7e-m/nofp\libc_nano.a(libc_a-mlock.o)
                0x080010f4                __malloc_lock
 .text.__malloc_unlock
                0x08001100        0xc D:/Tools/arm-gnu-toolchain/bin/../lib/gcc/arm-none-eabi/14.2.1/thumb/v7e-m/nofp\libc_nano.a(libc_a-mlock.o)
                0x08001100                __malloc_unlock
 .text.__ssputs_r
                0x0800110c       0xc0 D:/Tools/arm-gnu-toolchain/bin/../lib/gcc/arm-none-eabi/14.2.1/thumb/v7e-m/nofp\libc_nano.a(libc_a-nano-svfprintf.o)
                0x0800110c                __ssputs_r
 .text._svfprintf_r
                0x080011cc      0x1f8 D:/Tools/arm-gnu-toolchain/bin/../lib/gcc/arm-none-eabi/14.2.1/thumb/v7e-m/nofp\libc_nano.a(libc_a-nano-svfprintf.o)
                0x080011cc                _svfiprintf_r
                0x080011cc                _svfprintf_r
 .text._printf_common
                0x080013c4       0xda D:/Tools/arm-gnu-toolchain/bin/../lib/gcc/arm-none-eabi/14.2.1/thumb/v7e-m/nofp\libc_nano.a(libc_a-nano-vfprintf_i.o)
                0x080013c4                _printf_common
 *fill*         0x0800149e        0x2 
 .text._printf_i
                0x080014a0      0x240 D:/Tools/arm-gnu-toolchain/bin/../lib/gcc/arm-none-eabi/14.2.1/thumb/v7e-m/nofp\libc_nano.a(libc_a-nano-vfprintf_i.o)
                0x080014a0                _printf_i
 .text.memmove  0x080016e0       0x32 D:/Tools/arm-gnu-toolchain/bin/../lib/gcc/arm-none-eabi/14.2.1/thumb/v7e-m/nofp\libc_nano.a(libc_a-memmove.o)
                0x080016e0                memmove
 *fill*         0x08001712        0x2 
 .text._sbrk_r  0x08001714       0x20 D:/Tools/arm-gnu-toolchain/bin/../lib/gcc/arm-none-eabi/14.2.1/thumb/v7e-m/nofp\libc_nano.a(libc_a-sbrkr.o)
                0x08001714                _sbrk_r
 .text.memcpy   0x08001734       0x1c D:/Tools/arm-gnu-toolchain/bin/../lib/gcc/arm-none-eabi/14.2.1/thumb/v7e-m/nofp\libc_nano.a(libc_a-memcpy-stub.o)
                0x08001734                memcpy
 .text._realloc_r
                0x08001750       0x5c D:/Tools/arm-gnu-toolchain/bin/../lib/gcc/arm-none-eabi/14.2.1/thumb/v7e-m/nofp\libc_nano.a(libc_a-reallocr.o)
                0x08001750                _realloc_r
 .text._malloc_usable_size_r
                0x080017ac       0x10 D:/Tools/arm-gnu-toolchain/bin/../lib/gcc/arm-none-eabi/14.2.1/thumb/v7e-m/nofp\libc_nano.a(libc_a-msizer.o)
                0x080017ac                _malloc_usable_size_r
 *(.glue_7)
 .glue_7        0x080017bc        0x0 linker stubs
 *(.glue_7t)
 .glue_7t       0x080017bc        0x0 linker stubs
 *(.eh_frame)
 .eh_frame      0x080017bc        0x0 D:/Tools/arm-gnu-toolchain/bin/../lib/gcc/arm-none-eabi/14.2.1/thumb/v7e-m/nofp/crtbegin.o
 *(.init)
 .init          0x080017bc        0x4 D:/Tools/arm-gnu-toolchain/bin/../lib/gcc/arm-none-eabi/14.2.1/thumb/v7e-m/nofp/crti.o
                0x080017bc                _init
 .init          0x080017c0        0x8 D:/Tools/arm-gnu-toolchain/bin/../lib/gcc/arm-none-eabi/14.2.1/thumb/v7e-m/nofp/crtn.o
 *(.fini)
 .fini          0x080017c8        0x4 D:/Tools/arm-gnu-toolchain/bin/../lib/gcc/arm-none-eabi/14.2.1/thumb/v7e-m/nofp/crti.o
                0x080017c8                _fini
 .fini          0x080017cc        0x8 D:/Tools/arm-gnu-toolchain/bin/../lib/gcc/arm-none-eabi/14.2.1/thumb/v7e-m/nofp/crtn.o
                0x080017d4                        . = ALIGN (0x4)
                0x080017d4                        _etext = .

.vfp11_veneer   0x080017d4        0x0
 .vfp11_veneer  0x080017d4        0x0 linker stubs

.v4_bx          0x080017d4        0x0
 .v4_bx         0x080017d4        0x0 linker stubs

.iplt           0x080017d4        0x0
 .iplt          0x080017d4        0x0 D:/Tools/arm-gnu-toolchain/bin/../lib/gcc/arm-none-eabi/14.2.1/thumb/v7e-m/nofp/crtbegin.o

.rodata         0x080017d4      0x11c
                0x080017d4                        . = ALIGN (0x4)
 *(.rodata)
 *(.rodata*)
 .rodata.main.str1.4
                0x080017d4       0xa6 build/main.o
                                 0x1b (size before relaxing)
 .rodata.USART1_Test_Communication.str1.4
                0x0800187a       0x8a build/usart.o
 *fill*         0x0800187a        0x2 
 .rodata.ADCPLLCLKPresTable
                0x0800187c       0x20 build/n32g430_rcc.o
 .rodata.ADCHCLKPresTable
                0x0800189c       0x10 build/n32g430_rcc.o
 .rodata.APBAHBPresTable
                0x080018ac       0x10 build/n32g430_rcc.o
 .rodata._svfprintf_r.str1.1
                0x080018bc       0x33 D:/Tools/arm-gnu-toolchain/bin/../lib/gcc/arm-none-eabi/14.2.1/thumb/v7e-m/nofp\libc_nano.a(libc_a-nano-svfprintf.o)
                                 0x11 (size before relaxing)
 .rodata._printf_i.str1.1
                0x080018ef       0x22 D:/Tools/arm-gnu-toolchain/bin/../lib/gcc/arm-none-eabi/14.2.1/thumb/v7e-m/nofp\libc_nano.a(libc_a-nano-vfprintf_i.o)
                0x08001914                        . = ALIGN (0x4)
 *fill*         0x080018ef        0x1 

.ARM.extab
 *(.ARM.extab* .gnu.linkonce.armextab.*)

.ARM            0x080018f0        0x8
                0x080018f0                        __exidx_start = .
 *(.ARM.exidx*)
 .ARM.exidx     0x080018f0        0x8 D:/Tools/arm-gnu-toolchain/bin/../lib/gcc/arm-none-eabi/14.2.1/thumb/v7e-m/nofp\libc_nano.a(libc_a-memchr.o)
                0x080018f8                        __exidx_end = .

.rel.dyn        0x080018f8        0x0
 .rel.iplt      0x080018f8        0x0 D:/Tools/arm-gnu-toolchain/bin/../lib/gcc/arm-none-eabi/14.2.1/thumb/v7e-m/nofp/crtbegin.o

.preinit_array  0x080018f8        0x0
                0x080018f8                        PROVIDE (__preinit_array_start = .)
 *(.preinit_array*)
                0x080018f8                        PROVIDE (__preinit_array_end = .)

.init_array     0x080018f8        0x4
                0x080018f8                        PROVIDE (__init_array_start = .)
 *(SORT_BY_NAME(.init_array.*))
 *(.init_array*)
 .init_array    0x080018f8        0x4 D:/Tools/arm-gnu-toolchain/bin/../lib/gcc/arm-none-eabi/14.2.1/thumb/v7e-m/nofp/crtbegin.o
                0x080018fc                        PROVIDE (__init_array_end = .)

.fini_array     0x080018fc        0x4
                [!provide]                        PROVIDE (__fini_array_start = .)
 *(SORT_BY_NAME(.fini_array.*))
 *(.fini_array*)
 .fini_array    0x080018fc        0x4 D:/Tools/arm-gnu-toolchain/bin/../lib/gcc/arm-none-eabi/14.2.1/thumb/v7e-m/nofp/crtbegin.o
                [!provide]                        PROVIDE (__fini_array_end = .)
                0x08001900                        _sidata = LOADADDR (.data)

.data           0x20000000       0x54 load address 0x08001900
                0x20000000                        . = ALIGN (0x4)
                0x20000000                        _sdata = .
 *(.data)
 *(.data*)
 .data.SystemClockFrequency
                0x20000000        0x4 build/system_n32g430.o
                0x20000000                SystemClockFrequency
 .data._impure_ptr
                0x20000004        0x4 D:/Tools/arm-gnu-toolchain/bin/../lib/gcc/arm-none-eabi/14.2.1/thumb/v7e-m/nofp\libc_nano.a(libc_a-impure.o)
                0x20000004                _impure_ptr
 .data._impure_data
                0x20000008       0x4c D:/Tools/arm-gnu-toolchain/bin/../lib/gcc/arm-none-eabi/14.2.1/thumb/v7e-m/nofp\libc_nano.a(libc_a-impure.o)
                0x20000008                _impure_data
                0x20000054                        . = ALIGN (0x4)
                0x20000054                        _edata = .

.tm_clone_table
                0x20000054        0x0 load address 0x08001954
 .tm_clone_table
                0x20000054        0x0 D:/Tools/arm-gnu-toolchain/bin/../lib/gcc/arm-none-eabi/14.2.1/thumb/v7e-m/nofp/crtbegin.o
 .tm_clone_table
                0x20000054        0x0 D:/Tools/arm-gnu-toolchain/bin/../lib/gcc/arm-none-eabi/14.2.1/thumb/v7e-m/nofp/crtend.o

.igot.plt       0x20000054        0x0 load address 0x08001954
 .igot.plt      0x20000054        0x0 D:/Tools/arm-gnu-toolchain/bin/../lib/gcc/arm-none-eabi/14.2.1/thumb/v7e-m/nofp/crtbegin.o
                0x20000054                        . = ALIGN (0x4)

.bss            0x20000054      0x37c load address 0x08001954
                0x20000054                        _sbss = .
                0x20000054                        __bss_start__ = _sbss
 *(.bss)
 *(.bss*)
 .bss.completed.1
                0x20000054        0x1 D:/Tools/arm-gnu-toolchain/bin/../lib/gcc/arm-none-eabi/14.2.1/thumb/v7e-m/nofp/crtbegin.o
 *fill*         0x20000055        0x3 
 .bss.object.0  0x20000058       0x18 D:/Tools/arm-gnu-toolchain/bin/../lib/gcc/arm-none-eabi/14.2.1/thumb/v7e-m/nofp/crtbegin.o
 .bss.systick_reload_value
                0x20000070        0x4 build/timer.o
 .bss.tick_counter
                0x20000074        0x4 build/timer.o
 .bss.rx_count  0x20000078        0x2 build/usart.o
 .bss.rx_read_index
                0x2000007a        0x2 build/usart.o
 .bss.rx_write_index
                0x2000007c        0x2 build/usart.o
 *fill*         0x2000007e        0x2 
 .bss.rx_buffer
                0x20000080      0x100 build/usart.o
 .bss.tx_buffer
                0x20000180      0x100 build/usart.o
 .bss.usart1_initialized
                0x20000280        0x1 build/usart.o
 *fill*         0x20000281        0x3 
 .bss.heap_end.0
                0x20000284        0x4 build/syscalls.o
 .bss.__sf      0x20000288      0x138 D:/Tools/arm-gnu-toolchain/bin/../lib/gcc/arm-none-eabi/14.2.1/thumb/v7e-m/nofp\libc_nano.a(libc_a-findfp.o)
                0x20000288                __sf
 .bss.errno     0x200003c0        0x4 D:/Tools/arm-gnu-toolchain/bin/../lib/gcc/arm-none-eabi/14.2.1/thumb/v7e-m/nofp\libc_nano.a(libc_a-reent.o)
                0x200003c0                errno
 .bss.__lock___malloc_recursive_mutex
                0x200003c4        0x1 D:/Tools/arm-gnu-toolchain/bin/../lib/gcc/arm-none-eabi/14.2.1/thumb/v7e-m/nofp\libc_nano.a(libc_a-lock.o)
                0x200003c4                __lock___malloc_recursive_mutex
 *fill*         0x200003c5        0x3 
 .bss.__malloc_sbrk_start
                0x200003c8        0x4 D:/Tools/arm-gnu-toolchain/bin/../lib/gcc/arm-none-eabi/14.2.1/thumb/v7e-m/nofp\libc_nano.a(libc_a-mallocr.o)
                0x200003c8                __malloc_sbrk_start
 .bss.__malloc_free_list
                0x200003cc        0x4 D:/Tools/arm-gnu-toolchain/bin/../lib/gcc/arm-none-eabi/14.2.1/thumb/v7e-m/nofp\libc_nano.a(libc_a-mallocr.o)
                0x200003cc                __malloc_free_list
 *(COMMON)
                0x200003d0                        . = ALIGN (0x4)
                0x200003d0                        _ebss = .
                0x200003d0                        __bss_end__ = _ebss

._user_heap_stack
                0x200003d0      0x600 load address 0x08001954
                0x200003d0                        . = ALIGN (0x8)
                0x200003d0                        PROVIDE (end = .)
                [!provide]                        PROVIDE (_end = .)
                0x200005d0                        . = (. + _Min_Heap_Size)
 *fill*         0x200003d0      0x200 
                0x200009d0                        . = (. + _Min_Stack_Size)
 *fill*         0x200005d0      0x400 
                0x200009d0                        . = ALIGN (0x8)

/DISCARD/
 libc.a(*)
 libm.a(*)
 libgcc.a(*)

.ARM.attributes
                0x00000000       0x2a
 *(.ARM.attributes)
 .ARM.attributes
                0x00000000       0x1e D:/Tools/arm-gnu-toolchain/bin/../lib/gcc/arm-none-eabi/14.2.1/thumb/v7e-m/nofp/crti.o
 .ARM.attributes
                0x0000001e       0x2e D:/Tools/arm-gnu-toolchain/bin/../lib/gcc/arm-none-eabi/14.2.1/thumb/v7e-m/nofp/crtbegin.o
 .ARM.attributes
                0x0000004c       0x2a build/main.o
 .ARM.attributes
                0x00000076       0x2a build/timer.o
 .ARM.attributes
                0x000000a0       0x2a build/gpio.o
 .ARM.attributes
                0x000000ca       0x2a build/usart.o
 .ARM.attributes
                0x000000f4       0x2a build/syscalls.o
 .ARM.attributes
                0x0000011e       0x2a build/system_n32g430.o
 .ARM.attributes
                0x00000148       0x2a build/n32g430_rcc.o
 .ARM.attributes
                0x00000172       0x2a build/n32g430_gpio.o
 .ARM.attributes
                0x0000019c       0x2a build/n32g430_usart.o
 .ARM.attributes
                0x000001c6       0x2a build/n32g430_flash.o
 .ARM.attributes
                0x000001f0       0x2a build/misc.o
 .ARM.attributes
                0x0000021a       0x21 build/startup_n32g430_gcc.o
 .ARM.attributes
                0x0000023b       0x2e D:/Tools/arm-gnu-toolchain/bin/../lib/gcc/arm-none-eabi/14.2.1/thumb/v7e-m/nofp\libc_nano.a(libc_a-findfp.o)
 .ARM.attributes
                0x00000269       0x2e D:/Tools/arm-gnu-toolchain/bin/../lib/gcc/arm-none-eabi/14.2.1/thumb/v7e-m/nofp\libc_nano.a(libc_a-vsnprintf.o)
 .ARM.attributes
                0x00000297       0x2e D:/Tools/arm-gnu-toolchain/bin/../lib/gcc/arm-none-eabi/14.2.1/thumb/v7e-m/nofp\libc_nano.a(libc_a-memset.o)
 .ARM.attributes
                0x000002c5       0x2e D:/Tools/arm-gnu-toolchain/bin/../lib/gcc/arm-none-eabi/14.2.1/thumb/v7e-m/nofp\libc_nano.a(libc_a-reent.o)
 .ARM.attributes
                0x000002f3       0x2e D:/Tools/arm-gnu-toolchain/bin/../lib/gcc/arm-none-eabi/14.2.1/thumb/v7e-m/nofp\libc_nano.a(libc_a-impure.o)
 .ARM.attributes
                0x00000321       0x2e D:/Tools/arm-gnu-toolchain/bin/../lib/gcc/arm-none-eabi/14.2.1/thumb/v7e-m/nofp\libc_nano.a(libc_a-errno.o)
 .ARM.attributes
                0x0000034f       0x2e D:/Tools/arm-gnu-toolchain/bin/../lib/gcc/arm-none-eabi/14.2.1/thumb/v7e-m/nofp\libc_nano.a(libc_a-init.o)
 .ARM.attributes
                0x0000037d       0x2e D:/Tools/arm-gnu-toolchain/bin/../lib/gcc/arm-none-eabi/14.2.1/thumb/v7e-m/nofp\libc_nano.a(libc_a-lock.o)
 .ARM.attributes
                0x000003ab       0x2e D:/Tools/arm-gnu-toolchain/bin/../lib/gcc/arm-none-eabi/14.2.1/thumb/v7e-m/nofp\libc_nano.a(libc_a-freer.o)
 .ARM.attributes
                0x000003d9       0x2e D:/Tools/arm-gnu-toolchain/bin/../lib/gcc/arm-none-eabi/14.2.1/thumb/v7e-m/nofp\libc_nano.a(libc_a-mallocr.o)
 .ARM.attributes
                0x00000407       0x2e D:/Tools/arm-gnu-toolchain/bin/../lib/gcc/arm-none-eabi/14.2.1/thumb/v7e-m/nofp\libc_nano.a(libc_a-mlock.o)
 .ARM.attributes
                0x00000435       0x2e D:/Tools/arm-gnu-toolchain/bin/../lib/gcc/arm-none-eabi/14.2.1/thumb/v7e-m/nofp\libc_nano.a(libc_a-nano-svfprintf.o)
 .ARM.attributes
                0x00000463       0x2e D:/Tools/arm-gnu-toolchain/bin/../lib/gcc/arm-none-eabi/14.2.1/thumb/v7e-m/nofp\libc_nano.a(libc_a-nano-vfprintf_i.o)
 .ARM.attributes
                0x00000491       0x2e D:/Tools/arm-gnu-toolchain/bin/../lib/gcc/arm-none-eabi/14.2.1/thumb/v7e-m/nofp\libc_nano.a(libc_a-memmove.o)
 .ARM.attributes
                0x000004bf       0x2e D:/Tools/arm-gnu-toolchain/bin/../lib/gcc/arm-none-eabi/14.2.1/thumb/v7e-m/nofp\libc_nano.a(libc_a-sbrkr.o)
 .ARM.attributes
                0x000004ed       0x1c D:/Tools/arm-gnu-toolchain/bin/../lib/gcc/arm-none-eabi/14.2.1/thumb/v7e-m/nofp\libc_nano.a(libc_a-memchr.o)
 .ARM.attributes
                0x00000509       0x2e D:/Tools/arm-gnu-toolchain/bin/../lib/gcc/arm-none-eabi/14.2.1/thumb/v7e-m/nofp\libc_nano.a(libc_a-memcpy-stub.o)
 .ARM.attributes
                0x00000537       0x2e D:/Tools/arm-gnu-toolchain/bin/../lib/gcc/arm-none-eabi/14.2.1/thumb/v7e-m/nofp\libc_nano.a(libc_a-reallocr.o)
 .ARM.attributes
                0x00000565       0x2e D:/Tools/arm-gnu-toolchain/bin/../lib/gcc/arm-none-eabi/14.2.1/thumb/v7e-m/nofp\libc_nano.a(libc_a-msizer.o)
 .ARM.attributes
                0x00000593       0x2e D:/Tools/arm-gnu-toolchain/bin/../lib/gcc/arm-none-eabi/14.2.1/thumb/v7e-m/nofp/crtend.o
 .ARM.attributes
                0x000005c1       0x1e D:/Tools/arm-gnu-toolchain/bin/../lib/gcc/arm-none-eabi/14.2.1/thumb/v7e-m/nofp/crtn.o
OUTPUT(build/n32g430c8l7_project.elf elf32-littlearm)
LOAD linker stubs
LOAD D:/Tools/arm-gnu-toolchain/bin/../lib/gcc/arm-none-eabi/14.2.1/thumb/v7e-m/nofp\libc.a
LOAD D:/Tools/arm-gnu-toolchain/bin/../lib/gcc/arm-none-eabi/14.2.1/thumb/v7e-m/nofp\libm.a
LOAD D:/Tools/arm-gnu-toolchain/bin/../lib/gcc/arm-none-eabi/14.2.1/thumb/v7e-m/nofp\libgcc.a

.debug_info     0x00000000     0x79ed
 .debug_info    0x00000000      0x520 build/main.o
 .debug_info    0x00000520      0x47f build/timer.o
 .debug_info    0x0000099f      0x284 build/gpio.o
 .debug_info    0x00000c23     0x14e2 build/usart.o
 .debug_info    0x00002105      0x8d8 build/syscalls.o
 .debug_info    0x000029dd      0x97e build/system_n32g430.o
 .debug_info    0x0000335b     0x10f3 build/n32g430_rcc.o
 .debug_info    0x0000444e      0xf9b build/n32g430_gpio.o
 .debug_info    0x000053e9     0x10d7 build/n32g430_usart.o
 .debug_info    0x000064c0      0xef2 build/n32g430_flash.o
 .debug_info    0x000073b2      0x60b build/misc.o
 .debug_info    0x000079bd       0x30 build/startup_n32g430_gcc.o

.debug_abbrev   0x00000000     0x17d3
 .debug_abbrev  0x00000000      0x1cf build/main.o
 .debug_abbrev  0x000001cf      0x21a build/timer.o
 .debug_abbrev  0x000003e9      0x127 build/gpio.o
 .debug_abbrev  0x00000510      0x377 build/usart.o
 .debug_abbrev  0x00000887      0x20a build/syscalls.o
 .debug_abbrev  0x00000a91      0x235 build/system_n32g430.o
 .debug_abbrev  0x00000cc6      0x28b build/n32g430_rcc.o
 .debug_abbrev  0x00000f51      0x283 build/n32g430_gpio.o
 .debug_abbrev  0x000011d4      0x23b build/n32g430_usart.o
 .debug_abbrev  0x0000140f      0x240 build/n32g430_flash.o
 .debug_abbrev  0x0000164f      0x167 build/misc.o
 .debug_abbrev  0x000017b6       0x1d build/startup_n32g430_gcc.o

.debug_loc      0x00000000     0x470e
 .debug_loc     0x00000000       0x62 build/main.o
 .debug_loc     0x00000062      0x20e build/timer.o
 .debug_loc     0x00000270       0x38 build/gpio.o
 .debug_loc     0x000002a8      0x871 build/usart.o
 .debug_loc     0x00000b19      0x656 build/syscalls.o
 .debug_loc     0x0000116f      0x372 build/system_n32g430.o
 .debug_loc     0x000014e1      0x9f8 build/n32g430_rcc.o
 .debug_loc     0x00001ed9      0xd1f build/n32g430_gpio.o
 .debug_loc     0x00002bf8      0xd8c build/n32g430_usart.o
 .debug_loc     0x00003984      0xbe2 build/n32g430_flash.o
 .debug_loc     0x00004566      0x1a8 build/misc.o

.debug_aranges  0x00000000      0x928
 .debug_aranges
                0x00000000       0x28 build/main.o
 .debug_aranges
                0x00000028       0x80 build/timer.o
 .debug_aranges
                0x000000a8       0x20 build/gpio.o
 .debug_aranges
                0x000000c8       0xd8 build/usart.o
 .debug_aranges
                0x000001a0       0xb0 build/syscalls.o
 .debug_aranges
                0x00000250       0x40 build/system_n32g430.o
 .debug_aranges
                0x00000290      0x1f0 build/n32g430_rcc.o
 .debug_aranges
                0x00000480      0x140 build/n32g430_gpio.o
 .debug_aranges
                0x000005c0      0x188 build/n32g430_usart.o
 .debug_aranges
                0x00000748      0x170 build/n32g430_flash.o
 .debug_aranges
                0x000008b8       0x48 build/misc.o
 .debug_aranges
                0x00000900       0x28 build/startup_n32g430_gcc.o

.debug_ranges   0x00000000      0x870
 .debug_ranges  0x00000000       0x18 build/main.o
 .debug_ranges  0x00000018       0x70 build/timer.o
 .debug_ranges  0x00000088       0x10 build/gpio.o
 .debug_ranges  0x00000098       0xc8 build/usart.o
 .debug_ranges  0x00000160       0xa0 build/syscalls.o
 .debug_ranges  0x00000200       0x30 build/system_n32g430.o
 .debug_ranges  0x00000230      0x1e0 build/n32g430_rcc.o
 .debug_ranges  0x00000410      0x130 build/n32g430_gpio.o
 .debug_ranges  0x00000540      0x178 build/n32g430_usart.o
 .debug_ranges  0x000006b8      0x160 build/n32g430_flash.o
 .debug_ranges  0x00000818       0x38 build/misc.o
 .debug_ranges  0x00000850       0x20 build/startup_n32g430_gcc.o

.debug_line     0x00000000     0x4cea
 .debug_line    0x00000000      0x1f0 build/main.o
 .debug_line    0x000001f0      0x346 build/timer.o
 .debug_line    0x00000536      0x164 build/gpio.o
 .debug_line    0x0000069a      0x844 build/usart.o
 .debug_line    0x00000ede      0x430 build/syscalls.o
 .debug_line    0x0000130e      0x4f1 build/system_n32g430.o
 .debug_line    0x000017ff      0xd9c build/n32g430_rcc.o
 .debug_line    0x0000259b      0xe98 build/n32g430_gpio.o
 .debug_line    0x00003433      0x9a8 build/n32g430_usart.o
 .debug_line    0x00003ddb      0xc19 build/n32g430_flash.o
 .debug_line    0x000049f4      0x273 build/misc.o
 .debug_line    0x00004c67       0x83 build/startup_n32g430_gcc.o

.debug_str      0x00000000     0x2d69
 .debug_str     0x00000000     0x2d69 build/main.o
                                0x382 (size before relaxing)
 .debug_str     0x00002d69      0x35a build/timer.o
 .debug_str     0x00002d69      0x261 build/gpio.o
 .debug_str     0x00002d69      0xc01 build/usart.o
 .debug_str     0x00002d69      0x40d build/syscalls.o
 .debug_str     0x00002d69      0x509 build/system_n32g430.o
 .debug_str     0x00002d69      0xb38 build/n32g430_rcc.o
 .debug_str     0x00002d69      0x8a2 build/n32g430_gpio.o
 .debug_str     0x00002d69      0x951 build/n32g430_usart.o
 .debug_str     0x00002d69      0x8d3 build/n32g430_flash.o
 .debug_str     0x00002d69      0x431 build/misc.o
 .debug_str     0x00002d69       0x62 build/startup_n32g430_gcc.o

.comment        0x00000000       0x45
 .comment       0x00000000       0x45 build/main.o
                                 0x46 (size before relaxing)
 .comment       0x00000045       0x46 build/timer.o
 .comment       0x00000045       0x46 build/gpio.o
 .comment       0x00000045       0x46 build/usart.o
 .comment       0x00000045       0x46 build/syscalls.o
 .comment       0x00000045       0x46 build/system_n32g430.o
 .comment       0x00000045       0x46 build/n32g430_rcc.o
 .comment       0x00000045       0x46 build/n32g430_gpio.o
 .comment       0x00000045       0x46 build/n32g430_usart.o
 .comment       0x00000045       0x46 build/n32g430_flash.o
 .comment       0x00000045       0x46 build/misc.o

.debug_frame    0x00000000     0x1a1c
 .debug_frame   0x00000000       0x40 build/main.o
 .debug_frame   0x00000040      0x120 build/timer.o
 .debug_frame   0x00000160       0x2c build/gpio.o
 .debug_frame   0x0000018c      0x2a0 build/usart.o
 .debug_frame   0x0000042c      0x1a8 build/syscalls.o
 .debug_frame   0x000005d4       0x94 build/system_n32g430.o
 .debug_frame   0x00000668      0x424 build/n32g430_rcc.o
 .debug_frame   0x00000a8c      0x308 build/n32g430_gpio.o
 .debug_frame   0x00000d94      0x320 build/n32g430_usart.o
 .debug_frame   0x000010b4      0x348 build/n32g430_flash.o
 .debug_frame   0x000013fc       0x70 build/misc.o
 .debug_frame   0x0000146c      0x144 D:/Tools/arm-gnu-toolchain/bin/../lib/gcc/arm-none-eabi/14.2.1/thumb/v7e-m/nofp\libc_nano.a(libc_a-findfp.o)
 .debug_frame   0x000015b0       0x4c D:/Tools/arm-gnu-toolchain/bin/../lib/gcc/arm-none-eabi/14.2.1/thumb/v7e-m/nofp\libc_nano.a(libc_a-vsnprintf.o)
 .debug_frame   0x000015fc       0x20 D:/Tools/arm-gnu-toolchain/bin/../lib/gcc/arm-none-eabi/14.2.1/thumb/v7e-m/nofp\libc_nano.a(libc_a-memset.o)
 .debug_frame   0x0000161c       0x38 D:/Tools/arm-gnu-toolchain/bin/../lib/gcc/arm-none-eabi/14.2.1/thumb/v7e-m/nofp\libc_nano.a(libc_a-reent.o)
 .debug_frame   0x00001654       0x20 D:/Tools/arm-gnu-toolchain/bin/../lib/gcc/arm-none-eabi/14.2.1/thumb/v7e-m/nofp\libc_nano.a(libc_a-errno.o)
 .debug_frame   0x00001674       0x2c D:/Tools/arm-gnu-toolchain/bin/../lib/gcc/arm-none-eabi/14.2.1/thumb/v7e-m/nofp\libc_nano.a(libc_a-init.o)
 .debug_frame   0x000016a0       0xb0 D:/Tools/arm-gnu-toolchain/bin/../lib/gcc/arm-none-eabi/14.2.1/thumb/v7e-m/nofp\libc_nano.a(libc_a-lock.o)
 .debug_frame   0x00001750       0x38 D:/Tools/arm-gnu-toolchain/bin/../lib/gcc/arm-none-eabi/14.2.1/thumb/v7e-m/nofp\libc_nano.a(libc_a-freer.o)
 .debug_frame   0x00001788       0x50 D:/Tools/arm-gnu-toolchain/bin/../lib/gcc/arm-none-eabi/14.2.1/thumb/v7e-m/nofp\libc_nano.a(libc_a-mallocr.o)
 .debug_frame   0x000017d8       0x30 D:/Tools/arm-gnu-toolchain/bin/../lib/gcc/arm-none-eabi/14.2.1/thumb/v7e-m/nofp\libc_nano.a(libc_a-mlock.o)
 .debug_frame   0x00001808       0x90 D:/Tools/arm-gnu-toolchain/bin/../lib/gcc/arm-none-eabi/14.2.1/thumb/v7e-m/nofp\libc_nano.a(libc_a-nano-svfprintf.o)
 .debug_frame   0x00001898       0x60 D:/Tools/arm-gnu-toolchain/bin/../lib/gcc/arm-none-eabi/14.2.1/thumb/v7e-m/nofp\libc_nano.a(libc_a-nano-vfprintf_i.o)
 .debug_frame   0x000018f8       0x28 D:/Tools/arm-gnu-toolchain/bin/../lib/gcc/arm-none-eabi/14.2.1/thumb/v7e-m/nofp\libc_nano.a(libc_a-memmove.o)
 .debug_frame   0x00001920       0x2c D:/Tools/arm-gnu-toolchain/bin/../lib/gcc/arm-none-eabi/14.2.1/thumb/v7e-m/nofp\libc_nano.a(libc_a-sbrkr.o)
 .debug_frame   0x0000194c       0x4c D:/Tools/arm-gnu-toolchain/bin/../lib/gcc/arm-none-eabi/14.2.1/thumb/v7e-m/nofp\libc_nano.a(libc_a-memchr.o)
 .debug_frame   0x00001998       0x28 D:/Tools/arm-gnu-toolchain/bin/../lib/gcc/arm-none-eabi/14.2.1/thumb/v7e-m/nofp\libc_nano.a(libc_a-memcpy-stub.o)
 .debug_frame   0x000019c0       0x3c D:/Tools/arm-gnu-toolchain/bin/../lib/gcc/arm-none-eabi/14.2.1/thumb/v7e-m/nofp\libc_nano.a(libc_a-reallocr.o)
 .debug_frame   0x000019fc       0x20 D:/Tools/arm-gnu-toolchain/bin/../lib/gcc/arm-none-eabi/14.2.1/thumb/v7e-m/nofp\libc_nano.a(libc_a-msizer.o)

.debug_line_str
                0x00000000       0xde
 .debug_line_str
                0x00000000       0xde D:/Tools/arm-gnu-toolchain/bin/../lib/gcc/arm-none-eabi/14.2.1/thumb/v7e-m/nofp\libc_nano.a(libc_a-memchr.o)

Cross Reference Table

Symbol                                            File
ADC_AHB_Clock_Mode_Config                         build/n32g430_adc.o
ADC_Analog_Watchdog_Disable                       build/n32g430_adc.o
ADC_Analog_Watchdog_Enable                        build/n32g430_adc.o
ADC_Analog_Watchdog_HighThresholds_Config         build/n32g430_adc.o
ADC_Analog_Watchdog_LowThresholds_Config          build/n32g430_adc.o
ADC_Analog_Watchdog_Mode_Channel_Config           build/n32g430_adc.o
ADC_Bypass_Calibration_Disable                    build/n32g430_adc.o
ADC_Bypass_Calibration_Enable                     build/n32g430_adc.o
ADC_Calibration_Auto_Load_Disable                 build/n32g430_adc.o
ADC_Calibration_Auto_Load_Enable                  build/n32g430_adc.o
ADC_Calibration_Operation                         build/n32g430_adc.o
ADC_Channel_Sample_Time_Config                    build/n32g430_adc.o
ADC_Clock_Mode_Config                             build/n32g430_adc.o
ADC_Continue_Conversion_Disable                   build/n32g430_adc.o
ADC_Continue_Conversion_Enable                    build/n32g430_adc.o
ADC_DMA_Transfer_Disable                          build/n32g430_adc.o
ADC_DMA_Transfer_Enable                           build/n32g430_adc.o
ADC_Data_Alignment_Config                         build/n32g430_adc.o
ADC_Data_Resolution_Config                        build/n32g430_adc.o
ADC_Deep_Power_Mode_Disable                       build/n32g430_adc.o
ADC_Deep_Power_Mode_Enable                        build/n32g430_adc.o
ADC_Differential_Channels_Config                  build/n32g430_adc.o
ADC_Differential_Mode_Disable                     build/n32g430_adc.o
ADC_Differential_Mode_Enable                      build/n32g430_adc.o
ADC_Discontinuous_Mode_Channel_Count_Config       build/n32g430_adc.o
ADC_Discontinuous_Mode_Config                     build/n32g430_adc.o
ADC_External_Trigger_Conversion_Config            build/n32g430_adc.o
ADC_Flag_Status_Clear                             build/n32g430_adc.o
ADC_Flag_Status_Get                               build/n32g430_adc.o
ADC_INTFlag_Status_Clear                          build/n32g430_adc.o
ADC_INTFlag_Status_Get                            build/n32g430_adc.o
ADC_IRQHandler                                    build/startup_n32g430_gcc.o
ADC_Initializes                                   build/n32g430_adc.o
ADC_Initializes_Ex                                build/n32g430_adc.o
ADC_Initializes_Structure                         build/n32g430_adc.o
ADC_Initializes_StructureEx                       build/n32g430_adc.o
ADC_Injected_Channels_Number_Config               build/n32g430_adc.o
ADC_Injected_Channels_Offset_Config               build/n32g430_adc.o
ADC_Injected_Channels_Software_Conversion_Operation build/n32g430_adc.o
ADC_Injected_Group_Autoconversion_Disable         build/n32g430_adc.o
ADC_Injected_Group_Autoconversion_Enable          build/n32g430_adc.o
ADC_Injected_Group_Conversion_Data_Get            build/n32g430_adc.o
ADC_Injected_Group_External_Trigger_Source_Config build/n32g430_adc.o
ADC_Injected_Sequence_Conversion_Number_Config    build/n32g430_adc.o
ADC_Interrupts_Disable                            build/n32g430_adc.o
ADC_Interrupts_Enable                             build/n32g430_adc.o
ADC_Multichannels_Disable                         build/n32g430_adc.o
ADC_Multichannels_Enable                          build/n32g430_adc.o
ADC_OFF                                           build/n32g430_adc.o
ADC_ON                                            build/n32g430_adc.o
ADC_PLL_Clock_Mode_Config                         build/n32g430_adc.o
ADC_Regular_Channels_Number_Config                build/n32g430_adc.o
ADC_Regular_Channels_Software_Conversion_Operation build/n32g430_adc.o
ADC_Regular_Group_Conversion_Data_Get             build/n32g430_adc.o
ADC_Regular_Group_External_Trigger_Source_Config  build/n32g430_adc.o
ADC_Regular_Sequence_Conversion_Number_Config     build/n32g430_adc.o
ADC_Reset                                         build/n32g430_adc.o
ADC_Sample_Time_Level_Config                      build/n32g430_adc.o
ADC_Temperature_Sensor_And_Vrefint_Channel_Disable build/n32g430_adc.o
ADC_Temperature_Sensor_And_Vrefint_Channel_Enable build/n32g430_adc.o
ADC_Vbat_Monitor_Disable                          build/n32g430_adc.o
ADC_Vbat_Monitor_Enable                           build/n32g430_adc.o
ADC_Vrefint_Get                                   build/n32g430_adc.o
AFIO_5V_Tolerance_Disable                         build/n32g430_gpio.o
AFIO_5V_Tolerance_Enable                          build/n32g430_gpio.o
AFIO_ADC_External_Trigger_Remap_Set               build/n32g430_gpio.o
AFIO_Digital_EFT_Disable                          build/n32g430_gpio.o
AFIO_Digital_EFT_Enable                           build/n32g430_gpio.o
AFIO_EFT_Disable                                  build/n32g430_gpio.o
AFIO_EFT_Enable                                   build/n32g430_gpio.o
AFIO_EXTI_Reset                                   build/n32g430_gpio.o
AFIO_Filter_Stage_Ctrl                            build/n32g430_gpio.o
AFIO_SPI_NSS_Mode_Set                             build/n32g430_gpio.o
AHBPrescTable                                     build/system_n32g430.o
BusFault_Handler                                  build/startup_n32g430_gcc.o
CAN_RX0_IRQHandler                                build/startup_n32g430_gcc.o
CAN_RX1_IRQHandler                                build/startup_n32g430_gcc.o
CAN_SCE_IRQHandler                                build/startup_n32g430_gcc.o
CAN_TX_IRQHandler                                 build/startup_n32g430_gcc.o
COMP_1_2_3_IRQHandler                             build/startup_n32g430_gcc.o
DMA_Buffer_Size_Config                            build/n32g430_dma.o
DMA_Channel1_IRQHandler                           build/startup_n32g430_gcc.o
DMA_Channel2_IRQHandler                           build/startup_n32g430_gcc.o
DMA_Channel3_IRQHandler                           build/startup_n32g430_gcc.o
DMA_Channel4_IRQHandler                           build/startup_n32g430_gcc.o
DMA_Channel5_IRQHandler                           build/startup_n32g430_gcc.o
DMA_Channel6_IRQHandler                           build/startup_n32g430_gcc.o
DMA_Channel7_IRQHandler                           build/startup_n32g430_gcc.o
DMA_Channel8_IRQHandler                           build/startup_n32g430_gcc.o
DMA_Channel_Disable                               build/n32g430_dma.o
DMA_Channel_Enable                                build/n32g430_dma.o
DMA_Channel_Request_Remap                         build/n32g430_dma.o
DMA_Circular_Mode_Config                          build/n32g430_dma.o
DMA_Current_Data_Transfer_Number_Get              build/n32g430_dma.o
DMA_Current_Data_Transfer_Number_Set              build/n32g430_dma.o
DMA_Destination_Config                            build/n32g430_dma.o
DMA_Flag_Status_Clear                             build/n32g430_dma.o
DMA_Flag_Status_Get                               build/n32g430_dma.o
DMA_Initializes                                   build/n32g430_dma.o
DMA_Interrupt_Status_Clear                        build/n32g430_dma.o
DMA_Interrupt_Status_Get                          build/n32g430_dma.o
DMA_Interrupts_Disable                            build/n32g430_dma.o
DMA_Interrupts_Enable                             build/n32g430_dma.o
DMA_Memory_2_Memory_Config                        build/n32g430_dma.o
DMA_Memory_Addr_Increment_Config                  build/n32g430_dma.o
DMA_Memory_Address_Config                         build/n32g430_dma.o
DMA_Memory_Data_Width_Config                      build/n32g430_dma.o
DMA_Peripheral_Addr_Increment_Config              build/n32g430_dma.o
DMA_Peripheral_Address_Config                     build/n32g430_dma.o
DMA_Peripheral_Data_Width_Config                  build/n32g430_dma.o
DMA_Priority_Config                               build/n32g430_dma.o
DMA_Reset                                         build/n32g430_dma.o
DMA_Structure_Initializes                         build/n32g430_dma.o
DebugMon_Handler                                  build/startup_n32g430_gcc.o
Default_Handler                                   build/startup_n32g430_gcc.o
Delay_ms                                          build/timer.o
                                                  build/main.o
Delay_us                                          build/timer.o
                                                  build/usart.o
Delay_us_Precise                                  build/timer.o
EXTI0_IRQHandler                                  build/startup_n32g430_gcc.o
EXTI15_10_IRQHandler                              build/startup_n32g430_gcc.o
EXTI1_IRQHandler                                  build/startup_n32g430_gcc.o
EXTI2_IRQHandler                                  build/startup_n32g430_gcc.o
EXTI3_IRQHandler                                  build/startup_n32g430_gcc.o
EXTI4_IRQHandler                                  build/startup_n32g430_gcc.o
EXTI9_5_IRQHandler                                build/startup_n32g430_gcc.o
EXTI_Flag_Status_Clear                            build/n32g430_exti.o
EXTI_Flag_Status_Get                              build/n32g430_exti.o
EXTI_Interrupt_Status_Clear                       build/n32g430_exti.o
EXTI_Interrupt_Status_Get                         build/n32g430_exti.o
EXTI_LineCmd_Disable                              build/n32g430_exti.o
EXTI_Peripheral_Initializes                       build/n32g430_exti.o
EXTI_RTC_Time_Stamp_Select                        build/n32g430_exti.o
EXTI_Reset                                        build/n32g430_exti.o
EXTI_Software_Interrupt_Trigger                   build/n32g430_exti.o
EXTI_Structure_Initializes                        build/n32g430_exti.o
EXTI_Trigger_Config                               build/n32g430_exti.o
EXTI_Work_Mode_Config                             build/n32g430_exti.o
FLASH_Cache_LOCK_Cancel                           build/n32g430_flash.o
FLASH_Cache_LOCK_Start                            build/n32g430_flash.o
FLASH_Cache_LOCK_Status_Get                       build/n32g430_flash.o
FLASH_Cache_LOCK_Stop                             build/n32g430_flash.o
FLASH_Flag_Status_Clear                           build/n32g430_flash.o
FLASH_Flag_Status_Get                             build/n32g430_flash.o
FLASH_ICache_Disable                              build/n32g430_flash.o
FLASH_ICache_Enable                               build/n32g430_flash.o
FLASH_ICache_Reset                                build/n32g430_flash.o
FLASH_ICache_Status_Get                           build/n32g430_flash.o
FLASH_IRQHandler                                  build/startup_n32g430_gcc.o
FLASH_Interrupt_Disable                           build/n32g430_flash.o
FLASH_Interrupt_Enable                            build/n32g430_flash.o
FLASH_Last_Operation_Wait                         build/n32g430_flash.o
FLASH_Latency_Get                                 build/n32g430_flash.o
FLASH_Latency_Set                                 build/n32g430_flash.o
                                                  build/main.o
FLASH_Lock                                        build/n32g430_flash.o
FLASH_Mass_Erase                                  build/n32g430_flash.o
FLASH_One_Page_Erase                              build/n32g430_flash.o
FLASH_Option_Bytes2_User_Get                      build/n32g430_flash.o
FLASH_Option_Bytes_DATA_Program                   build/n32g430_flash.o
FLASH_Option_Bytes_Data0_Get                      build/n32g430_flash.o
FLASH_Option_Bytes_Data1_Get                      build/n32g430_flash.o
FLASH_Option_Bytes_Erase                          build/n32g430_flash.o
FLASH_Option_Bytes_Flag_Get                       build/n32g430_flash.o
FLASH_Option_Bytes_User2_RDP2_Program             build/n32g430_flash.o
FLASH_Option_Bytes_User_Get                       build/n32g430_flash.o
FLASH_Option_Bytes_User_RDP1_Program              build/n32g430_flash.o
FLASH_Option_Bytes_Write_Protection_Get           build/n32g430_flash.o
FLASH_Prefetch_Buffer_Disable                     build/n32g430_flash.o
FLASH_Prefetch_Buffer_Enable                      build/n32g430_flash.o
                                                  build/main.o
FLASH_Prefetch_Buffer_Status_Get                  build/n32g430_flash.o
FLASH_Read_Out_Protection_L1_Disable              build/n32g430_flash.o
FLASH_Read_Out_Protection_L1_Enable               build/n32g430_flash.o
FLASH_Read_Out_Protection_L2_Enable               build/n32g430_flash.o
FLASH_Read_Out_Protection_L2_Status_Get           build/n32g430_flash.o
FLASH_Read_Out_Protection_Status_Get              build/n32g430_flash.o
FLASH_Status_Get                                  build/n32g430_flash.o
FLASH_Unlock                                      build/n32g430_flash.o
FLASH_Word_Program                                build/n32g430_flash.o
FLASH_Write_Protection_Enable                     build/n32g430_flash.o
GPIOA_Pin_Reset                                   build/n32g430_gpio.o
GPIOB_Pin_Reset                                   build/n32g430_gpio.o
GPIOC_Pin_Reset                                   build/n32g430_gpio.o
GPIOD_Pin_Reset                                   build/n32g430_gpio.o
GPIO_ALLPin_Reset                                 build/n32g430_gpio.o
GPIO_Alternate_Function_Reset                     build/n32g430_gpio.o
GPIO_Alternate_Set                                build/n32g430_gpio.o
GPIO_Driver_Set                                   build/n32g430_gpio.o
GPIO_EXTI_Line_Set                                build/n32g430_gpio.o
GPIO_Input_Data_Get                               build/n32g430_gpio.o
GPIO_Input_Pin_Data_Get                           build/n32g430_gpio.o
GPIO_Mode_Set                                     build/n32g430_gpio.o
GPIO_Output_Data_Get                              build/n32g430_gpio.o
GPIO_Output_Pin_Data_Get                          build/n32g430_gpio.o
GPIO_PBC_Pins_Reset                               build/n32g430_gpio.o
GPIO_PBSC_Pins_Reset                              build/n32g430_gpio.o
GPIO_Peripheral_Initialize                        build/n32g430_gpio.o
                                                  build/usart.o
                                                  build/gpio.o
GPIO_Pin_Lock_Set                                 build/n32g430_gpio.o
GPIO_Pin_Remap_Set                                build/n32g430_gpio.o
GPIO_Pin_Toggle                                   build/n32g430_gpio.o
                                                  build/main.o
GPIO_Pins_Reset                                   build/n32g430_gpio.o
GPIO_Pins_Set                                     build/n32g430_gpio.o
GPIO_Pull_Set                                     build/n32g430_gpio.o
GPIO_Reset                                        build/n32g430_gpio.o
GPIO_SlewRate_Set                                 build/n32g430_gpio.o
GPIO_Structure_Initialize                         build/n32g430_gpio.o
GPIO_Write                                        build/n32g430_gpio.o
Get_NVR_Value                                     build/system_n32g430.o
                                                  build/n32g430_adc.o
Get_Tick_Count                                    build/timer.o
                                                  build/usart.o
                                                  build/main.o
HardFault_Handler                                 build/startup_n32g430_gcc.o
I2C1_ER_IRQHandler                                build/startup_n32g430_gcc.o
I2C1_EV_IRQHandler                                build/startup_n32g430_gcc.o
I2C2_ER_IRQHandler                                build/startup_n32g430_gcc.o
I2C2_EV_IRQHandler                                build/startup_n32g430_gcc.o
I2C_7bit_Addr_Send                                build/n32g430_i2c.o
I2C_ARP_Disable                                   build/n32g430_i2c.o
I2C_ARP_Enable                                    build/n32g430_i2c.o
I2C_Acknowledg_Disable                            build/n32g430_i2c.o
I2C_Acknowledg_Enable                             build/n32g430_i2c.o
I2C_Acknowledgement_Config                        build/n32g430_i2c.o
I2C_Addressing_Mode_Config                        build/n32g430_i2c.o
I2C_Bus_Mode_Config                               build/n32g430_i2c.o
I2C_Clock_Speed_Config                            build/n32g430_i2c.o
I2C_DMA_Last_Transfer_Disable                     build/n32g430_i2c.o
I2C_DMA_Last_Transfer_Enable                      build/n32g430_i2c.o
I2C_DMA_Transfer_Disable                          build/n32g430_i2c.o
I2C_DMA_Transfer_Enable                           build/n32g430_i2c.o
I2C_Data_Recv                                     build/n32g430_i2c.o
I2C_Data_Send                                     build/n32g430_i2c.o
I2C_Dual_Addr_Disable                             build/n32g430_i2c.o
I2C_Dual_Addr_Enable                              build/n32g430_i2c.o
I2C_Event_Check                                   build/n32g430_i2c.o
I2C_Extend_Clock_Disable                          build/n32g430_i2c.o
I2C_Extend_Clock_Enable                           build/n32g430_i2c.o
I2C_Fast_Mode_Duty_Cycle_Set                      build/n32g430_i2c.o
I2C_Flag_Status_Clear                             build/n32g430_i2c.o
I2C_Flag_Status_Get                               build/n32g430_i2c.o
I2C_General_Call_Disable                          build/n32g430_i2c.o
I2C_General_Call_Enable                           build/n32g430_i2c.o
I2C_Generate_Start_Disable                        build/n32g430_i2c.o
I2C_Generate_Start_Enable                         build/n32g430_i2c.o
I2C_Generate_Stop_Disable                         build/n32g430_i2c.o
I2C_Generate_Stop_Enable                          build/n32g430_i2c.o
I2C_Initializes                                   build/n32g430_i2c.o
I2C_Initializes_Structure                         build/n32g430_i2c.o
I2C_Interrupt_Statu_Clear                         build/n32g430_i2c.o
I2C_Interrupt_Status_Get                          build/n32g430_i2c.o
I2C_Interrupts_Disable                            build/n32g430_i2c.o
I2C_Interrupts_Enable                             build/n32g430_i2c.o
I2C_Last_Event_Get                                build/n32g430_i2c.o
I2C_NACK_Position_Set                             build/n32g430_i2c.o
I2C_OFF                                           build/n32g430_i2c.o
I2C_ON                                            build/n32g430_i2c.o
I2C_Own_Addr1_Config                              build/n32g430_i2c.o
I2C_Own_Addr2_Set                                 build/n32g430_i2c.o
I2C_PEC_Compute_Disable                           build/n32g430_i2c.o
I2C_PEC_Compute_Enable                            build/n32g430_i2c.o
I2C_PEC_Get                                       build/n32g430_i2c.o
I2C_PEC_Position_Set                              build/n32g430_i2c.o
I2C_PEC_Send_Disable                              build/n32g430_i2c.o
I2C_PEC_Send_Enable                               build/n32g430_i2c.o
I2C_Register_Value_Get                            build/n32g430_i2c.o
I2C_Reset                                         build/n32g430_i2c.o
I2C_SCL_Analog_Filter_Disable                     build/n32g430_i2c.o
I2C_SCL_Analog_Filter_Enable                      build/n32g430_i2c.o
I2C_SCL_Analog_Filter_Width_Set                   build/n32g430_i2c.o
I2C_SCL_Digital_Filter_Width_Set                  build/n32g430_i2c.o
I2C_SDA_Analog_Filter_Disable                     build/n32g430_i2c.o
I2C_SDA_Analog_Filter_Enable                      build/n32g430_i2c.o
I2C_SDA_Analog_Filter_Width_Set                   build/n32g430_i2c.o
I2C_SDA_Digital_Filter_Width_Set                  build/n32g430_i2c.o
I2C_SMBus_Alert_Pin_Set                           build/n32g430_i2c.o
I2C_Software_Reset_Disable                        build/n32g430_i2c.o
I2C_Software_Reset_Enable                         build/n32g430_i2c.o
I2S_AudioFrequency_Config                         build/n32g430_spi.o
I2S_CLKPOL_Config                                 build/n32g430_spi.o
I2S_DataFormat_Config                             build/n32g430_spi.o
I2S_Initializes                                   build/n32g430_spi.o
I2S_Initializes_Structure                         build/n32g430_spi.o
I2S_MCLK_Disable                                  build/n32g430_spi.o
I2S_MCLK_Enable                                   build/n32g430_spi.o
I2S_Mode_Config                                   build/n32g430_spi.o
I2S_OFF                                           build/n32g430_spi.o
I2S_ON                                            build/n32g430_spi.o
I2S_Standard_Config                               build/n32g430_spi.o
Input_Channel1_Config                             build/n32g430_tim.o
Input_Channel2_Config                             build/n32g430_tim.o
Input_Channel3_Config                             build/n32g430_tim.o
Input_Channel4_Config                             build/n32g430_tim.o
LED_GPIO_Config                                   build/gpio.o
                                                  build/main.o
LPTIM_WKUP_IRQHandler                             build/startup_n32g430_gcc.o
MMU_IRQHandler                                    build/startup_n32g430_gcc.o
MemManage_Handler                                 build/startup_n32g430_gcc.o
NMI_Handler                                       build/startup_n32g430_gcc.o
NVIC_Initializes                                  build/misc.o
                                                  build/usart.o
NVIC_Priority_Group_Set                           build/misc.o
NVIC_System_LowPower_Enable                       build/misc.o
NVIC_System_Low_Power_Disable                     build/misc.o
NVIC_Vector_Table_Set                             build/misc.o
Option_Bytes_Lock                                 build/n32g430_flash.o
Option_Bytes_Lock_Status_Get                      build/n32g430_flash.o
Option_Bytes_Unlock                               build/n32g430_flash.o
PLL_TrimValueLoad                                 build/system_n32g430.o
PVD_IRQHandler                                    build/startup_n32g430_gcc.o
PWR_Flag_Status_Clear                             build/n32g430_pwr.o
PWR_Flag_Status_Get                               build/n32g430_pwr.o
PWR_PVD_Disable                                   build/n32g430_pwr.o
PWR_PVD_Enable                                    build/n32g430_pwr.o
PWR_PVD_Level_Config                              build/n32g430_pwr.o
PWR_RTC_Backup_Access_Disable                     build/n32g430_pwr.o
PWR_RTC_Backup_Access_Enable                      build/n32g430_pwr.o
PWR_RTC_Wakeup_Disable                            build/n32g430_pwr.o
PWR_RTC_Wakeup_Enable                             build/n32g430_pwr.o
PWR_Reset                                         build/n32g430_pwr.o
PWR_SLEEP_Mode_Enter                              build/n32g430_pwr.o
PWR_STANDBY_Mode_Enter                            build/n32g430_pwr.o
PWR_STOP0_Mode_Enter                              build/n32g430_pwr.o
PWR_STOP2_Mode_Enter                              build/n32g430_pwr.o
PWR_Wakeup_Pin_Disable                            build/n32g430_pwr.o
PWR_Wakeup_Pin_Enable                             build/n32g430_pwr.o
PendSV_Handler                                    build/startup_n32g430_gcc.o
RCC_ADC_1M_Clock_Config                           build/n32g430_rcc.o
RCC_ADC_Hclk_Config                               build/n32g430_rcc.o
                                                  build/n32g430_adc.o
RCC_ADC_Hclk_Disable                              build/n32g430_rcc.o
RCC_ADC_Hclk_Enable                               build/n32g430_rcc.o
                                                  build/n32g430_adc.o
RCC_ADC_PLL_Clock_Disable                         build/n32g430_rcc.o
                                                  build/n32g430_adc.o
RCC_ADC_PLL_Clock_Prescaler_Enable                build/n32g430_rcc.o
                                                  build/n32g430_adc.o
RCC_AHB_Peripheral_Clock_Disable                  build/n32g430_rcc.o
RCC_AHB_Peripheral_Clock_Enable                   build/n32g430_rcc.o
                                                  build/usart.o
                                                  build/gpio.o
RCC_AHB_Peripheral_Reset                          build/n32g430_rcc.o
                                                  build/n32g430_adc.o
                                                  build/n32g430_gpio.o
RCC_APB1_Peripheral_Clock_Disable                 build/n32g430_rcc.o
RCC_APB1_Peripheral_Clock_Enable                  build/n32g430_rcc.o
RCC_APB1_Peripheral_Reset                         build/n32g430_rcc.o
                                                  build/n32g430_pwr.o
                                                  build/n32g430_i2c.o
                                                  build/n32g430_tim.o
                                                  build/n32g430_usart.o
RCC_APB2_Peripheral_Clock_Disable                 build/n32g430_rcc.o
RCC_APB2_Peripheral_Clock_Enable                  build/n32g430_rcc.o
                                                  build/usart.o
RCC_APB2_Peripheral_Reset                         build/n32g430_rcc.o
                                                  build/n32g430_spi.o
                                                  build/n32g430_tim.o
                                                  build/n32g430_usart.o
                                                  build/n32g430_gpio.o
RCC_Backup_Reset                                  build/n32g430_rcc.o
RCC_Clock_Security_System_Disable                 build/n32g430_rcc.o
RCC_Clock_Security_System_Enable                  build/n32g430_rcc.o
RCC_Clocks_Frequencies_Value_Get                  build/n32g430_rcc.o
                                                  build/n32g430_i2c.o
                                                  build/n32g430_spi.o
                                                  build/n32g430_usart.o
                                                  build/usart.o
                                                  build/timer.o
RCC_Flag_Status_Get                               build/n32g430_rcc.o
                                                  build/main.o
RCC_HSE_Config                                    build/n32g430_rcc.o
                                                  build/main.o
RCC_HSE_Stable_Wait                               build/n32g430_rcc.o
                                                  build/main.o
RCC_HSI_Calibration_Value_Set                     build/n32g430_rcc.o
RCC_HSI_Disable                                   build/n32g430_rcc.o
RCC_HSI_Enable                                    build/n32g430_rcc.o
RCC_HSI_Stable_Wait                               build/n32g430_rcc.o
RCC_Hclk_Config                                   build/n32g430_rcc.o
                                                  build/main.o
RCC_IRQHandler                                    build/startup_n32g430_gcc.o
RCC_Interrupt_Disable                             build/n32g430_rcc.o
RCC_Interrupt_Enable                              build/n32g430_rcc.o
RCC_Interrupt_Status_Clear                        build/n32g430_rcc.o
RCC_Interrupt_Status_Get                          build/n32g430_rcc.o
RCC_LPTIM_Clock_Config                            build/n32g430_rcc.o
RCC_LPTIM_Disable                                 build/n32g430_rcc.o
RCC_LPTIM_Enable                                  build/n32g430_rcc.o
RCC_LPTIM_Reset                                   build/n32g430_rcc.o
RCC_LSE_Clock_Security_System_Disable             build/n32g430_rcc.o
RCC_LSE_Clock_Security_System_Enable              build/n32g430_rcc.o
RCC_LSE_Clock_Security_System_Status_Get          build/n32g430_rcc.o
RCC_LSE_Config                                    build/n32g430_rcc.o
RCC_LSE_Stable_Wait                               build/n32g430_rcc.o
RCC_LSE_Trim_Config                               build/n32g430_rcc.o
RCC_LSI_Disable                                   build/n32g430_rcc.o
RCC_LSI_Enable                                    build/n32g430_rcc.o
RCC_LSI_Stable_Wait                               build/n32g430_rcc.o
RCC_MCO_PLL_Prescaler_Config                      build/n32g430_rcc.o
RCC_MCO_Source_Config                             build/n32g430_rcc.o
RCC_PLL_Config                                    build/n32g430_rcc.o
                                                  build/main.o
RCC_PLL_Disable                                   build/n32g430_rcc.o
RCC_PLL_Enable                                    build/n32g430_rcc.o
                                                  build/main.o
RCC_Pclk1_Config                                  build/n32g430_rcc.o
                                                  build/main.o
RCC_Pclk2_Config                                  build/n32g430_rcc.o
                                                  build/main.o
RCC_RTC_Clock_Config                              build/n32g430_rcc.o
RCC_RTC_Clock_Disable                             build/n32g430_rcc.o
RCC_RTC_Clock_Enable                              build/n32g430_rcc.o
RCC_Reset                                         build/n32g430_rcc.o
RCC_Reset_Flag_Clear                              build/n32g430_rcc.o
RCC_Sysclk_Config                                 build/n32g430_rcc.o
                                                  build/main.o
RCC_Sysclk_Source_Get                             build/n32g430_rcc.o
                                                  build/main.o
RCC_TIM1_8_Clock_Config                           build/n32g430_rcc.o
RTCAlarm_IRQHandler                               build/startup_n32g430_gcc.o
RTC_TAMPER_STAMP_IRQHandler                       build/startup_n32g430_gcc.o
RTC_WKUP_IRQHandler                               build/startup_n32g430_gcc.o
Reset_Handler                                     build/startup_n32g430_gcc.o
SPI1_IRQHandler                                   build/startup_n32g430_gcc.o
SPI2_IRQHandler                                   build/startup_n32g430_gcc.o
SPI_BaudRatePres_Config                           build/n32g430_spi.o
SPI_CLKPHA_Config                                 build/n32g430_spi.o
SPI_CLKPOL_Config                                 build/n32g430_spi.o
SPI_CRC_Data_Get                                  build/n32g430_spi.o
SPI_CRC_Disable                                   build/n32g430_spi.o
SPI_CRC_Enable                                    build/n32g430_spi.o
SPI_CRC_Polynomial_Get                            build/n32g430_spi.o
SPI_CRC_Polynomial_Set                            build/n32g430_spi.o
SPI_DataDirection_Config                          build/n32g430_spi.o
SPI_DataLen_Config                                build/n32g430_spi.o
SPI_FirstBit_Config                               build/n32g430_spi.o
SPI_I2S_Clear_Flag_Status                         build/n32g430_spi.o
SPI_I2S_DMA_Transfer_Disable                      build/n32g430_spi.o
SPI_I2S_DMA_Transfer_Enable                       build/n32g430_spi.o
SPI_I2S_Data_Get                                  build/n32g430_spi.o
SPI_I2S_Data_Transmit                             build/n32g430_spi.o
SPI_I2S_Flag_Status_Get                           build/n32g430_spi.o
SPI_I2S_Interrupt_Flag_Status_Get                 build/n32g430_spi.o
SPI_I2S_Interrupts_Disable                        build/n32g430_spi.o
SPI_I2S_Interrupts_Enable                         build/n32g430_spi.o
SPI_I2S_Mode_Select                               build/n32g430_spi.o
SPI_I2S_Reset                                     build/n32g430_spi.o
SPI_Initializes                                   build/n32g430_spi.o
SPI_Initializes_Structure                         build/n32g430_spi.o
SPI_NSS_Config                                    build/n32g430_spi.o
SPI_Next_Transmit_CRC                             build/n32g430_spi.o
SPI_OFF                                           build/n32g430_spi.o
SPI_ON                                            build/n32g430_spi.o
SPI_SS_Output_Disable                             build/n32g430_spi.o
SPI_SS_Output_Enable                              build/n32g430_spi.o
SPI_Set_Nss_Level                                 build/n32g430_spi.o
SPI_SpiMode_Config                                build/n32g430_spi.o
SVC_Handler                                       build/startup_n32g430_gcc.o
SysTick_Clock_Source_Set                          build/misc.o
SysTick_Handler                                   build/timer.o
SystemClockFrequency                              build/system_n32g430.o
SystemClock_Config                                build/main.o
System_Clock_Frequency_Update                     build/system_n32g430.o
System_Initializes                                build/system_n32g430.o
                                                  build/startup_n32g430_gcc.o
TIM1_BRK_IRQHandler                               build/startup_n32g430_gcc.o
TIM1_CC_IRQHandler                                build/startup_n32g430_gcc.o
TIM1_TRG_COM_IRQHandler                           build/startup_n32g430_gcc.o
TIM1_UP_IRQHandler                                build/startup_n32g430_gcc.o
TIM2_IRQHandler                                   build/startup_n32g430_gcc.o
TIM3_IRQHandler                                   build/startup_n32g430_gcc.o
TIM4_IRQHandler                                   build/startup_n32g430_gcc.o
TIM5_IRQHandler                                   build/startup_n32g430_gcc.o
TIM6_IRQHandler                                   build/startup_n32g430_gcc.o
TIM8_BRK_IRQHandler                               build/startup_n32g430_gcc.o
TIM8_CC_IRQHandler                                build/startup_n32g430_gcc.o
TIM8_TRG_COM_IRQHandler                           build/startup_n32g430_gcc.o
TIM8_UP_IRQHandler                                build/startup_n32g430_gcc.o
TIM_Asymmetric_Disable                            build/n32g430_tim.o
TIM_Asymmetric_Enable                             build/n32g430_tim.o
TIM_Auto_Reload_Get                               build/n32g430_tim.o
TIM_Auto_Reload_Preload_Disable                   build/n32g430_tim.o
TIM_Auto_Reload_Preload_Enable                    build/n32g430_tim.o
TIM_Base_Auto_Reload_Set                          build/n32g430_tim.o
TIM_Base_Center_Aligned_Mode_OC4_7_8_9_Trigger_Set build/n32g430_tim.o
TIM_Base_Channel1                                 build/n32g430_tim.o
TIM_Base_Channel2                                 build/n32g430_tim.o
TIM_Base_Channel3                                 build/n32g430_tim.o
TIM_Base_Channel4                                 build/n32g430_tim.o
TIM_Base_Count_Get                                build/n32g430_tim.o
TIM_Base_Count_Mode_Set                           build/n32g430_tim.o
TIM_Base_Count_Set                                build/n32g430_tim.o
TIM_Base_Initialize                               build/n32g430_tim.o
TIM_Base_OCrefClear                               build/n32g430_tim.o
TIM_Base_Prescaler_Get                            build/n32g430_tim.o
TIM_Base_Prescaler_Set                            build/n32g430_tim.o
TIM_Base_Reload_Mode_Set                          build/n32g430_tim.o
TIM_Base_Repeat_Count_Set                         build/n32g430_tim.o
TIM_Base_Struct_Initialize                        build/n32g430_tim.o
TIM_Break_And_Dead_Time_Set                       build/n32g430_tim.o
TIM_Break_And_Dead_Time_Struct_Initialize         build/n32g430_tim.o
TIM_Break_Filter_Config                           build/n32g430_tim.o
TIM_Break_Filter_Disable                          build/n32g430_tim.o
TIM_Break_Filter_Enable                           build/n32g430_tim.o
TIM_CCEN_Status_Get                               build/n32g430_tim.o
TIM_Capture_Compare_Ch_Disable                    build/n32g430_tim.o
TIM_Capture_Compare_Ch_Enable                     build/n32g430_tim.o
TIM_Capture_Compare_Ch_N_Disable                  build/n32g430_tim.o
TIM_Capture_Compare_Ch_N_Enable                   build/n32g430_tim.o
TIM_Capture_Compare_Control_Preload_Disable       build/n32g430_tim.o
TIM_Capture_Compare_Control_Preload_Enable        build/n32g430_tim.o
TIM_Channel1_Filter_Config                        build/n32g430_tim.o
TIM_Channel1_Filter_Disable                       build/n32g430_tim.o
TIM_Channel1_Filter_Enable                        build/n32g430_tim.o
TIM_Channel2_Filter_Config                        build/n32g430_tim.o
TIM_Channel2_Filter_Disable                       build/n32g430_tim.o
TIM_Channel2_Filter_Enable                        build/n32g430_tim.o
TIM_Channel3_Filter_Config                        build/n32g430_tim.o
TIM_Channel3_Filter_Disable                       build/n32g430_tim.o
TIM_Channel3_Filter_Enable                        build/n32g430_tim.o
TIM_Channel4_Filter_Config                        build/n32g430_tim.o
TIM_Channel4_Filter_Disable                       build/n32g430_tim.o
TIM_Channel4_Filter_Enable                        build/n32g430_tim.o
TIM_Clock_Division_Set                            build/n32g430_tim.o
TIM_Commutation_Event_Disable                     build/n32g430_tim.o
TIM_Commutation_Event_Enable                      build/n32g430_tim.o
TIM_Compare1_D_Set                                build/n32g430_tim.o
TIM_Compare1_Set                                  build/n32g430_tim.o
TIM_Compare2_D_Set                                build/n32g430_tim.o
TIM_Compare2_Set                                  build/n32g430_tim.o
TIM_Compare3_D_Set                                build/n32g430_tim.o
TIM_Compare3_Set                                  build/n32g430_tim.o
TIM_Compare4_D_Set                                build/n32g430_tim.o
TIM_Compare4_Set                                  build/n32g430_tim.o
TIM_Compare5_Set                                  build/n32g430_tim.o
TIM_Compare6_Set                                  build/n32g430_tim.o
TIM_Compare7_Set                                  build/n32g430_tim.o
TIM_Compare8_Set                                  build/n32g430_tim.o
TIM_Compare9_Set                                  build/n32g430_tim.o
TIM_Compare_Capture1_D_Get                        build/n32g430_tim.o
TIM_Compare_Capture1_Get                          build/n32g430_tim.o
TIM_Compare_Capture2_D_Get                        build/n32g430_tim.o
TIM_Compare_Capture2_Get                          build/n32g430_tim.o
TIM_Compare_Capture3_D_Get                        build/n32g430_tim.o
TIM_Compare_Capture3_Get                          build/n32g430_tim.o
TIM_Compare_Capture4_D_Get                        build/n32g430_tim.o
TIM_Compare_Capture4_Get                          build/n32g430_tim.o
TIM_Compare_Capture5_Get                          build/n32g430_tim.o
TIM_Compare_Capture6_Get                          build/n32g430_tim.o
TIM_Compare_Capture7_Get                          build/n32g430_tim.o
TIM_Compare_Capture8_Get                          build/n32g430_tim.o
TIM_Compare_Capture9_Get                          build/n32g430_tim.o
TIM_Dma_Config                                    build/n32g430_tim.o
TIM_Dma_Disable                                   build/n32g430_tim.o
TIM_Dma_Enable                                    build/n32g430_tim.o
TIM_Encoder_Interface_Set                         build/n32g430_tim.o
TIM_Event_Generate                                build/n32g430_tim.o
TIM_External_Clock_Mode1_Set                      build/n32g430_tim.o
TIM_External_Clock_Mode2_Set                      build/n32g430_tim.o
TIM_External_Trigger_Filter_Set                   build/n32g430_tim.o
TIM_External_Trigger_Polarity_Set                 build/n32g430_tim.o
TIM_External_Trigger_Prescaler_Set                build/n32g430_tim.o
TIM_Flag_Clear                                    build/n32g430_tim.o
TIM_Flag_Status_Get                               build/n32g430_tim.o
TIM_Forced_Output_Channel1_Set                    build/n32g430_tim.o
TIM_Forced_Output_Channel2_Set                    build/n32g430_tim.o
TIM_Forced_Output_Channel3_Set                    build/n32g430_tim.o
TIM_Forced_Output_Channel4_Set                    build/n32g430_tim.o
TIM_Forced_Output_Channel5_Set                    build/n32g430_tim.o
TIM_Forced_Output_Channel6_Set                    build/n32g430_tim.o
TIM_Hall_Sensor_Disable                           build/n32g430_tim.o
TIM_Hall_Sensor_Enable                            build/n32g430_tim.o
TIM_IOM_Comp_Break                                build/n32g430_tim.o
TIM_Input_Capture1_Prescaler_Set                  build/n32g430_tim.o
TIM_Input_Capture2_Prescaler_Set                  build/n32g430_tim.o
TIM_Input_Capture3_Prescaler_Set                  build/n32g430_tim.o
TIM_Input_Capture4_Prescaler_Set                  build/n32g430_tim.o
TIM_Input_Channel_Initialize                      build/n32g430_tim.o
TIM_Input_Struct_Initialize                       build/n32g430_tim.o
TIM_Internal_Clock_Set                            build/n32g430_tim.o
TIM_Internal_Trig_To_Ext_Set                      build/n32g430_tim.o
TIM_Interrupt_Disable                             build/n32g430_tim.o
TIM_Interrupt_Enable                              build/n32g430_tim.o
TIM_Interrupt_Status_Clear                        build/n32g430_tim.o
TIM_Interrupt_Status_Get                          build/n32g430_tim.o
TIM_Lock_Up_Break_Disable                         build/n32g430_tim.o
TIM_Lock_Up_Break_Enable                          build/n32g430_tim.o
TIM_Master_Slave_Mode_Set                         build/n32g430_tim.o
TIM_OC4REF_Trigger_To_ADC_Disable                 build/n32g430_tim.o
TIM_OC4REF_Trigger_To_ADC_Enable                  build/n32g430_tim.o
TIM_OC7REF_Trigger_To_ADC_Disable                 build/n32g430_tim.o
TIM_OC7REF_Trigger_To_ADC_Enable                  build/n32g430_tim.o
TIM_OC8REF_Trigger_To_ADC_Disable                 build/n32g430_tim.o
TIM_OC8REF_Trigger_To_ADC_Enable                  build/n32g430_tim.o
TIM_OC9REF_Trigger_To_ADC_Disable                 build/n32g430_tim.o
TIM_OC9REF_Trigger_To_ADC_Enable                  build/n32g430_tim.o
TIM_Off                                           build/n32g430_tim.o
TIM_On                                            build/n32g430_tim.o
TIM_One_Pulse_Mode_Select                         build/n32g430_tim.o
TIM_Output_Channel1_Fast_Set                      build/n32g430_tim.o
TIM_Output_Channel1_Initialize                    build/n32g430_tim.o
TIM_Output_Channel1_Preload_Set                   build/n32g430_tim.o
TIM_Output_Channel1_Reference_Clear               build/n32g430_tim.o
TIM_Output_Channel2_Fast_Set                      build/n32g430_tim.o
TIM_Output_Channel2_Initialize                    build/n32g430_tim.o
TIM_Output_Channel2_Preload_Set                   build/n32g430_tim.o
TIM_Output_Channel2_Reference_Clear               build/n32g430_tim.o
TIM_Output_Channel3_Fast_Set                      build/n32g430_tim.o
TIM_Output_Channel3_Initialize                    build/n32g430_tim.o
TIM_Output_Channel3_Preload_Set                   build/n32g430_tim.o
TIM_Output_Channel3_Reference_Clear               build/n32g430_tim.o
TIM_Output_Channel4_Fast_Set                      build/n32g430_tim.o
TIM_Output_Channel4_Initialize                    build/n32g430_tim.o
TIM_Output_Channel4_Preload_Set                   build/n32g430_tim.o
TIM_Output_Channel4_Reference_Clear               build/n32g430_tim.o
TIM_Output_Channel5_Fast_Set                      build/n32g430_tim.o
TIM_Output_Channel5_Initialize                    build/n32g430_tim.o
TIM_Output_Channel5_Preload_Set                   build/n32g430_tim.o
TIM_Output_Channel5_Reference_Clear               build/n32g430_tim.o
TIM_Output_Channel6_Fast_Set                      build/n32g430_tim.o
TIM_Output_Channel6_Initialize                    build/n32g430_tim.o
TIM_Output_Channel6_Preload_Set                   build/n32g430_tim.o
TIM_Output_Channel6_Reference_Clear               build/n32g430_tim.o
TIM_Output_Channel7_Preload_Set                   build/n32g430_tim.o
TIM_Output_Channel8_Preload_Set                   build/n32g430_tim.o
TIM_Output_Channel9_Preload_Set                   build/n32g430_tim.o
TIM_Output_Channel_Mode_Set                       build/n32g430_tim.o
TIM_Output_Channel_N_Polarity_Set                 build/n32g430_tim.o
TIM_Output_Channel_Polarity_Set                   build/n32g430_tim.o
TIM_Output_Channel_Struct_Initialize              build/n32g430_tim.o
TIM_Output_Trigger_Select                         build/n32g430_tim.o
TIM_PWM_Input_Channel_Config                      build/n32g430_tim.o
TIM_PWM_Output_Disable                            build/n32g430_tim.o
TIM_PWM_Output_Enable                             build/n32g430_tim.o
TIM_Pvd_Break_Disable                             build/n32g430_tim.o
TIM_Pvd_Break_Enable                              build/n32g430_tim.o
TIM_Reset                                         build/n32g430_tim.o
TIM_Slave_Mode_Select                             build/n32g430_tim.o
TIM_Trigger_As_External_Clock                     build/n32g430_tim.o
TIM_Trigger_Source_Select                         build/n32g430_tim.o
TIM_Update_Event_Disable                          build/n32g430_tim.o
TIM_Update_Event_Enable                           build/n32g430_tim.o
TIM_Update_Request_Source_Set                     build/n32g430_tim.o
Timer_Get_Elapsed_ms                              build/timer.o
Timer_Get_Elapsed_us                              build/timer.o
Timer_Get_System_Clock_Hz                         build/timer.o
                                                  build/usart.o
Timer_Init                                        build/timer.o
                                                  build/main.o
Timer_Is_Initialized                              build/timer.o
                                                  build/usart.o
Timer_Reset                                       build/timer.o
Timer_Start                                       build/timer.o
Timer_Stop                                        build/timer.o
UART3_IRQHandler                                  build/startup_n32g430_gcc.o
UART4_IRQHandler                                  build/startup_n32g430_gcc.o
USART1_DeInit                                     build/usart.o
USART1_Get_RX_Buffer_Count                        build/usart.o
USART1_IRQHandler                                 build/usart.o
USART1_IT_Disable                                 build/usart.o
USART1_IT_Enable                                  build/usart.o
USART1_Init                                       build/usart.o
                                                  build/main.o
USART1_Is_Initialized                             build/usart.o
USART1_Is_RX_Ready                                build/usart.o
USART1_Is_TX_Ready                                build/usart.o
USART1_Printf                                     build/usart.o
                                                  build/main.o
USART1_Read_RX_Buffer                             build/usart.o
USART1_Receive_Char                               build/usart.o
USART1_Receive_String                             build/usart.o
USART1_Send_Char                                  build/usart.o
USART1_Send_Data                                  build/usart.o
USART1_Send_Dec                                   build/usart.o
USART1_Send_Float                                 build/usart.o
USART1_Send_Hex                                   build/usart.o
USART1_Send_String                                build/usart.o
USART1_Test_Communication                         build/usart.o
                                                  build/main.o
USART1_Test_Echo                                  build/usart.o
USART1_Test_Send_Info                             build/usart.o
USART2_IRQHandler                                 build/startup_n32g430_gcc.o
USART_Address_Set                                 build/n32g430_usart.o
USART_Baud_Rate_Config                            build/n32g430_usart.o
USART_Break_Frame_Send                            build/n32g430_usart.o
USART_Clock_Config                                build/n32g430_usart.o
USART_Clock_Initializes                           build/n32g430_usart.o
USART_Clock_Structure_Initializes                 build/n32g430_usart.o
USART_DMA_Transfer_Disable                        build/n32g430_usart.o
USART_DMA_Transfer_Enable                         build/n32g430_usart.o
USART_Data_Receive                                build/n32g430_usart.o
                                                  build/usart.o
USART_Data_Send                                   build/n32g430_usart.o
                                                  build/usart.o
USART_Disable                                     build/n32g430_usart.o
                                                  build/usart.o
USART_Enable                                      build/n32g430_usart.o
                                                  build/usart.o
USART_Flag_Clear                                  build/n32g430_usart.o
USART_Flag_Status_Get                             build/n32g430_usart.o
                                                  build/usart.o
USART_Guard_Time_Set                              build/n32g430_usart.o
USART_Half_Duplex_Disable                         build/n32g430_usart.o
USART_Half_Duplex_Enable                          build/n32g430_usart.o
USART_Hardware_Flow_Control_Config                build/n32g430_usart.o
USART_Initializes                                 build/n32g430_usart.o
                                                  build/usart.o
USART_Interrput_Disable                           build/n32g430_usart.o
                                                  build/usart.o
USART_Interrput_Enable                            build/n32g430_usart.o
                                                  build/usart.o
USART_Interrupt_Status_Clear                      build/n32g430_usart.o
                                                  build/usart.o
USART_Interrupt_Status_Get                        build/n32g430_usart.o
                                                  build/usart.o
USART_IrDA_Disable                                build/n32g430_usart.o
USART_IrDA_Enable                                 build/n32g430_usart.o
USART_IrDA_Mode_Set                               build/n32g430_usart.o
USART_LIN_Break_Detect_Length_Set                 build/n32g430_usart.o
USART_LIN_Disable                                 build/n32g430_usart.o
USART_LIN_Enable                                  build/n32g430_usart.o
USART_Last_Bit_Config                             build/n32g430_usart.o