Archive member included to satisfy reference by file (symbol)

D:/Tools/arm-gnu-toolchain/bin/../lib/gcc/arm-none-eabi/14.2.1/thumb/v7e-m+fp/hard\libc.a(libc_a-exit.o)
                              D:/Tools/arm-gnu-toolchain/bin/../lib/gcc/arm-none-eabi/14.2.1/thumb/v7e-m+fp/hard/crt0.o (exit)
D:/Tools/arm-gnu-toolchain/bin/../lib/gcc/arm-none-eabi/14.2.1/thumb/v7e-m+fp/hard\libc.a(libc_a-findfp.o)
                              D:/Tools/arm-gnu-toolchain/bin/../lib/gcc/arm-none-eabi/14.2.1/thumb/v7e-m+fp/hard\libc.a(libc_a-exit.o) (__stdio_exit_handler)
D:/Tools/arm-gnu-toolchain/bin/../lib/gcc/arm-none-eabi/14.2.1/thumb/v7e-m+fp/hard\libc.a(libc_a-fwalk.o)
                              D:/Tools/arm-gnu-toolchain/bin/../lib/gcc/arm-none-eabi/14.2.1/thumb/v7e-m+fp/hard\libc.a(libc_a-findfp.o) (_fwalk_sglue)
D:/Tools/arm-gnu-toolchain/bin/../lib/gcc/arm-none-eabi/14.2.1/thumb/v7e-m+fp/hard\libc.a(libc_a-printf.o)
                              build/Buffer.o (printf)
D:/Tools/arm-gnu-toolchain/bin/../lib/gcc/arm-none-eabi/14.2.1/thumb/v7e-m+fp/hard\libc.a(libc_a-puts.o)
                              build/Buffer.o (puts)
D:/Tools/arm-gnu-toolchain/bin/../lib/gcc/arm-none-eabi/14.2.1/thumb/v7e-m+fp/hard\libc.a(libc_a-stdio.o)
                              D:/Tools/arm-gnu-toolchain/bin/../lib/gcc/arm-none-eabi/14.2.1/thumb/v7e-m+fp/hard\libc.a(libc_a-findfp.o) (__sread)
D:/Tools/arm-gnu-toolchain/bin/../lib/gcc/arm-none-eabi/14.2.1/thumb/v7e-m+fp/hard\libc.a(libc_a-memset.o)
                              D:/Tools/arm-gnu-toolchain/bin/../lib/gcc/arm-none-eabi/14.2.1/thumb/v7e-m+fp/hard/crt0.o (memset)
D:/Tools/arm-gnu-toolchain/bin/../lib/gcc/arm-none-eabi/14.2.1/thumb/v7e-m+fp/hard\libc.a(libc_a-closer.o)
                              D:/Tools/arm-gnu-toolchain/bin/../lib/gcc/arm-none-eabi/14.2.1/thumb/v7e-m+fp/hard\libc.a(libc_a-stdio.o) (_close_r)
D:/Tools/arm-gnu-toolchain/bin/../lib/gcc/arm-none-eabi/14.2.1/thumb/v7e-m+fp/hard\libc.a(libc_a-reent.o)
                              D:/Tools/arm-gnu-toolchain/bin/../lib/gcc/arm-none-eabi/14.2.1/thumb/v7e-m+fp/hard\libc.a(libc_a-closer.o) (errno)
D:/Tools/arm-gnu-toolchain/bin/../lib/gcc/arm-none-eabi/14.2.1/thumb/v7e-m+fp/hard\libc.a(libc_a-impure.o)
                              D:/Tools/arm-gnu-toolchain/bin/../lib/gcc/arm-none-eabi/14.2.1/thumb/v7e-m+fp/hard\libc.a(libc_a-printf.o) (_impure_ptr)
D:/Tools/arm-gnu-toolchain/bin/../lib/gcc/arm-none-eabi/14.2.1/thumb/v7e-m+fp/hard\libc.a(libc_a-lseekr.o)
                              D:/Tools/arm-gnu-toolchain/bin/../lib/gcc/arm-none-eabi/14.2.1/thumb/v7e-m+fp/hard\libc.a(libc_a-stdio.o) (_lseek_r)
D:/Tools/arm-gnu-toolchain/bin/../lib/gcc/arm-none-eabi/14.2.1/thumb/v7e-m+fp/hard\libc.a(libc_a-readr.o)
                              D:/Tools/arm-gnu-toolchain/bin/../lib/gcc/arm-none-eabi/14.2.1/thumb/v7e-m+fp/hard\libc.a(libc_a-stdio.o) (_read_r)
D:/Tools/arm-gnu-toolchain/bin/../lib/gcc/arm-none-eabi/14.2.1/thumb/v7e-m+fp/hard\libc.a(libc_a-writer.o)
                              D:/Tools/arm-gnu-toolchain/bin/../lib/gcc/arm-none-eabi/14.2.1/thumb/v7e-m+fp/hard\libc.a(libc_a-stdio.o) (_write_r)
D:/Tools/arm-gnu-toolchain/bin/../lib/gcc/arm-none-eabi/14.2.1/thumb/v7e-m+fp/hard\libc.a(libc_a-init.o)
                              D:/Tools/arm-gnu-toolchain/bin/../lib/gcc/arm-none-eabi/14.2.1/thumb/v7e-m+fp/hard/crt0.o (__libc_init_array)
D:/Tools/arm-gnu-toolchain/bin/../lib/gcc/arm-none-eabi/14.2.1/thumb/v7e-m+fp/hard\libc.a(libc_a-lock.o)
                              D:/Tools/arm-gnu-toolchain/bin/../lib/gcc/arm-none-eabi/14.2.1/thumb/v7e-m+fp/hard\libc.a(libc_a-findfp.o) (__retarget_lock_init_recursive)
D:/Tools/arm-gnu-toolchain/bin/../lib/gcc/arm-none-eabi/14.2.1/thumb/v7e-m+fp/hard\libc.a(libc_a-memcpy.o)
                              build/Buffer.o (memcpy)
D:/Tools/arm-gnu-toolchain/bin/../lib/gcc/arm-none-eabi/14.2.1/thumb/v7e-m+fp/hard\libc.a(libc_a-strlen.o)
                              build/SEGGER_RTT.o (strlen)
D:/Tools/arm-gnu-toolchain/bin/../lib/gcc/arm-none-eabi/14.2.1/thumb/v7e-m+fp/hard\libc.a(libc_a-__call_atexit.o)
                              D:/Tools/arm-gnu-toolchain/bin/../lib/gcc/arm-none-eabi/14.2.1/thumb/v7e-m+fp/hard\libc.a(libc_a-exit.o) (__call_exitprocs)
D:/Tools/arm-gnu-toolchain/bin/../lib/gcc/arm-none-eabi/14.2.1/thumb/v7e-m+fp/hard\libc.a(libc_a-atexit.o)
                              D:/Tools/arm-gnu-toolchain/bin/../lib/gcc/arm-none-eabi/14.2.1/thumb/v7e-m+fp/hard\libc.a(libc_a-__call_atexit.o) (atexit)
D:/Tools/arm-gnu-toolchain/bin/../lib/gcc/arm-none-eabi/14.2.1/thumb/v7e-m+fp/hard\libc.a(libc_a-freer.o)
                              D:/Tools/arm-gnu-toolchain/bin/../lib/gcc/arm-none-eabi/14.2.1/thumb/v7e-m+fp/hard\libc.a(libc_a-reent.o) (_free_r)
D:/Tools/arm-gnu-toolchain/bin/../lib/gcc/arm-none-eabi/14.2.1/thumb/v7e-m+fp/hard\libc.a(libc_a-mallocr.o)
[...]
Memory Configuration

Name             Origin             Length             Attributes
RAM              0x20000000         0x00004000         xrw
FLASH            0x08000000         0x00010000         xr
*default*        0x00000000         0xffffffff

Linker script and memory map

LOAD D:/Tools/arm-gnu-toolchain/bin/../lib/gcc/arm-none-eabi/14.2.1/thumb/v7e-m+fp/hard/crti.o
LOAD D:/Tools/arm-gnu-toolchain/bin/../lib/gcc/arm-none-eabi/14.2.1/thumb/v7e-m+fp/hard/crtbegin.o
LOAD D:/Tools/arm-gnu-toolchain/bin/../lib/gcc/arm-none-eabi/14.2.1/thumb/v7e-m+fp/hard/crt0.o
LOAD build/bsp_delay.o
LOAD build/bsp_led.o
LOAD build/bsp_usart.o
LOAD build/main.o
LOAD build/n32g430_it.o
LOAD build/Buffer.o
LOAD build/SEGGER_RTT.o
LOAD build/SEGGER_RTT_printf.o
LOAD build/system_n32g430.o
LOAD build/misc.o
LOAD build/n32g430_adc.o
LOAD build/n32g430_beeper.o
LOAD build/n32g430_can.o
LOAD build/n32g430_comp.o
LOAD build/n32g430_crc.o
LOAD build/n32g430_dbg.o
LOAD build/n32g430_dma.o
LOAD build/n32g430_exti.o
LOAD build/n32g430_flash.o
LOAD build/n32g430_gpio.o
LOAD build/n32g430_i2c.o
LOAD build/n32g430_iwdg.o
LOAD build/n32g430_lptim.o
LOAD build/n32g430_pwr.o
LOAD build/n32g430_rcc.o
LOAD build/n32g430_rtc.o
LOAD build/n32g430_spi.o
LOAD build/n32g430_tim.o
LOAD build/n32g430_usart.o
LOAD build/n32g430_wwdg.o
LOAD build/startup_n32g430_gcc.o
START GROUP
LOAD D:/Tools/arm-gnu-toolchain/bin/../lib/gcc/arm-none-eabi/14.2.1/thumb/v7e-m+fp/hard\libgcc.a
LOAD D:/Tools/arm-gnu-toolchain/bin/../lib/gcc/arm-none-eabi/14.2.1/thumb/v7e-m+fp/hard\libc.a
END GROUP
START GROUP
LOAD D:/Tools/arm-gnu-toolchain/bin/../lib/gcc/arm-none-eabi/14.2.1/thumb/v7e-m+fp/hard\libgcc.a
LOAD D:/Tools/arm-gnu-toolchain/bin/../lib/gcc/arm-none-eabi/14.2.1/thumb/v7e-m+fp/hard\libc.a
LOAD D:/Tools/arm-gnu-toolchain/bin/../lib/gcc/arm-none-eabi/14.2.1/thumb/v7e-m+fp/hard\libnosys.a
END GROUP
LOAD D:/Tools/arm-gnu-toolchain/bin/../lib/gcc/arm-none-eabi/14.2.1/thumb/v7e-m+fp/hard/crtend.o
LOAD D:/Tools/arm-gnu-toolchain/bin/../lib/gcc/arm-none-eabi/14.2.1/thumb/v7e-m+fp/hard/crtn.o
                0x20004000                        _estack = 0x20004000
                0x00000200                        _Min_Heap_Size = 0x200
                0x00000400                        _Min_Stack_Size = 0x400

.isr_vector     0x08000000      0x114
                0x08000000                        . = ALIGN (0x4)
 *(.isr_vector)
 .isr_vector    0x08000000      0x114 build/startup_n32g430_gcc.o
                0x08000000                g_pfnVectors
                0x08000114                        . = ALIGN (0x4)

.text           0x08000114      0xfe0
                0x08000114                        . = ALIGN (0x4)
 *(.text)
 .text          0x08000114      0x134 D:/Tools/arm-gnu-toolchain/bin/../lib/gcc/arm-none-eabi/14.2.1/thumb/v7e-m+fp/hard\libc.a(libc_a-memcpy.o)
                0x08000114                memcpy
 *(.text*)
 .text.deregister_tm_clones
                0x08000248       0x1c D:/Tools/arm-gnu-toolchain/bin/../lib/gcc/arm-none-eabi/14.2.1/thumb/v7e-m+fp/hard/crtbegin.o
 .text.register_tm_clones
                0x08000264       0x24 D:/Tools/arm-gnu-toolchain/bin/../lib/gcc/arm-none-eabi/14.2.1/thumb/v7e-m+fp/hard/crtbegin.o
 .text.__do_global_dtors_aux
                0x08000288       0x28 D:/Tools/arm-gnu-toolchain/bin/../lib/gcc/arm-none-eabi/14.2.1/thumb/v7e-m+fp/hard/crtbegin.o
 .text.frame_dummy
                0x080002b0       0x24 D:/Tools/arm-gnu-toolchain/bin/../lib/gcc/arm-none-eabi/14.2.1/thumb/v7e-m+fp/hard/crtbegin.o
 .text.USART1_Init
                0x080002d4       0xa8 build/bsp_usart.o
                0x080002d4                USART1_Init
 .text.USART1_SendByte
                0x0800037c       0x20 build/bsp_usart.o
                0x0800037c                USART1_SendByte
 .text.USART1_SendString
                0x0800039c       0x12 build/bsp_usart.o
                0x0800039c                USART1_SendString
 *fill*         0x080003ae        0x2 
 .text.USART1_IRQHandler
                0x080003b0       0x54 build/bsp_usart.o
                0x080003b0                USART1_IRQHandler
 .text.startup.main
                0x08000404       0x44 build/main.o
                0x08000404                main
 .text.NMI_Handler
                0x08000448        0x2 build/n32g430_it.o
                0x08000448                NMI_Handler
 .text.HardFault_Handler
                0x0800044a        0x2 build/n32g430_it.o
                0x0800044a                HardFault_Handler
 .text.SVC_Handler
                0x0800044c        0x2 build/n32g430_it.o
                0x0800044c                SVC_Handler
 .text.SysTick_Handler
                0x0800044e        0x2 build/n32g430_it.o
                0x0800044e                SysTick_Handler
 .text._GetAvailWriteSpace
                0x08000450       0x12 build/SEGGER_RTT.o
 .text._WriteNoCheck
                0x08000462       0x3a build/SEGGER_RTT.o
 .text._WriteBlocking
                0x0800049c       0x5a build/SEGGER_RTT.o
 *fill*         0x080004f6        0x2 
 .text._DoInit  0x080004f8       0x68 build/SEGGER_RTT.o
 .text.SEGGER_RTT_WriteNoLock
                0x08000560       0x58 build/SEGGER_RTT.o
                0x08000560                SEGGER_RTT_WriteNoLock
 .text.SEGGER_RTT_Write
                0x080005b8       0x34 build/SEGGER_RTT.o
                0x080005b8                SEGGER_RTT_Write
 .text.SEGGER_RTT_Init
                0x080005ec        0x4 build/SEGGER_RTT.o
                0x080005ec                SEGGER_RTT_Init
 .text._StoreChar
                0x080005f0       0x3c build/SEGGER_RTT_printf.o
 .text._PrintUnsigned
                0x0800062c       0xd4 build/SEGGER_RTT_printf.o
 .text.SEGGER_RTT_vprintf
                0x08000700      0x2e8 build/SEGGER_RTT_printf.o
                0x08000700                SEGGER_RTT_vprintf
 .text.SEGGER_RTT_printf
                0x080009e8       0x1c build/SEGGER_RTT_printf.o
                0x080009e8                SEGGER_RTT_printf
 .text.System_Initializes
                0x08000a04      0x16c build/system_n32g430.o
                0x08000a04                System_Initializes
 .text.NVIC_Initializes
                0x08000b70       0x54 build/misc.o
                0x08000b70                NVIC_Initializes
 .text.GPIO_Alternate_Set
                0x08000bc4       0x32 build/n32g430_gpio.o
                0x08000bc4                GPIO_Alternate_Set
 .text.GPIO_Mode_Set
                0x08000bf6       0x36 build/n32g430_gpio.o
                0x08000bf6                GPIO_Mode_Set
 .text.GPIO_Pull_Set
                0x08000c2c       0x16 build/n32g430_gpio.o
                0x08000c2c                GPIO_Pull_Set
 .text.GPIO_SlewRate_Set
                0x08000c42       0x14 build/n32g430_gpio.o
                0x08000c42                GPIO_SlewRate_Set
 .text.GPIO_Driver_Set
                0x08000c56       0x16 build/n32g430_gpio.o
                0x08000c56                GPIO_Driver_Set
 .text.GPIO_Peripheral_Initialize
                0x08000c6c       0x42 build/n32g430_gpio.o
                0x08000c6c                GPIO_Peripheral_Initialize
 *fill*         0x08000cae        0x2 
 .text.RCC_Clocks_Frequencies_Value_Get
                0x08000cb0       0xb0 build/n32g430_rcc.o
                0x08000cb0                RCC_Clocks_Frequencies_Value_Get
 .text.RCC_AHB_Peripheral_Clock_Enable
                0x08000d60       0x10 build/n32g430_rcc.o
                0x08000d60                RCC_AHB_Peripheral_Clock_Enable
 .text.RCC_APB2_Peripheral_Clock_Enable
                0x08000d70       0x10 build/n32g430_rcc.o
                0x08000d70                RCC_APB2_Peripheral_Clock_Enable
 .text.USART_Baud_Rate_Config
                0x08000d80       0x5c build/n32g430_usart.o
                0x08000d80                USART_Baud_Rate_Config
 .text.USART_Initializes
                0x08000ddc       0x54 build/n32g430_usart.o
                0x08000ddc                USART_Initializes
 .text.USART_Enable
                0x08000e30        0xc build/n32g430_usart.o
                0x08000e30                USART_Enable
 .text.USART_Interrput_Enable
                0x08000e3c       0x26 build/n32g430_usart.o
                0x08000e3c                USART_Interrput_Enable
 .text.USART_Data_Send
                0x08000e62        0x8 build/n32g430_usart.o
                0x08000e62                USART_Data_Send
 .text.USART_Data_Receive
                0x08000e6a        0x8 build/n32g430_usart.o
                0x08000e6a                USART_Data_Receive
 .text.USART_Flag_Status_Get
                0x08000e72        0xe build/n32g430_usart.o
                0x08000e72                USART_Flag_Status_Get
 .text.USART_Interrupt_Status_Get
                0x08000e80       0x3c build/n32g430_usart.o
                0x08000e80                USART_Interrupt_Status_Get
 .text.USART_Interrupt_Status_Clear
                0x08000ebc        0xe build/n32g430_usart.o
                0x08000ebc                USART_Interrupt_Status_Clear
 *fill*         0x08000eca        0x2 
 .text.Reset_Handler
                0x08000ecc       0x50 build/startup_n32g430_gcc.o
                0x08000ecc                Reset_Handler
 .text.Default_Handler
                0x08000f1c        0x2 build/startup_n32g430_gcc.o
                0x08000f1c                EXTI2_IRQHandler
                0x08000f1c                TIM8_TRG_COM_IRQHandler
                0x08000f1c                TIM8_CC_IRQHandler
                0x08000f1c                TIM1_CC_IRQHandler
                0x08000f1c                TIM6_IRQHandler
                0x08000f1c                PVD_IRQHandler
                0x08000f1c                PendSV_Handler
                0x08000f1c                EXTI3_IRQHandler
                0x08000f1c                DMA_Channel8_IRQHandler
                0x08000f1c                EXTI0_IRQHandler
                0x08000f1c                I2C2_EV_IRQHandler
                0x08000f1c                CAN_TX_IRQHandler
                0x08000f1c                SPI1_IRQHandler
                0x08000f1c                CAN_SCE_IRQHandler
                0x08000f1c                RTC_TAMPER_STAMP_IRQHandler
                0x08000f1c                DMA_Channel1_IRQHandler
                0x08000f1c                TIM8_UP_IRQHandler
                0x08000f1c                DMA_Channel4_IRQHandler
                0x08000f1c                TIM4_IRQHandler
                0x08000f1c                DMA_Channel5_IRQHandler
                0x08000f1c                CAN_RX1_IRQHandler
                0x08000f1c                I2C1_EV_IRQHandler
                0x08000f1c                UART4_IRQHandler
                0x08000f1c                TIM3_IRQHandler
                0x08000f1c                RCC_IRQHandler
                0x08000f1c                TIM1_TRG_COM_IRQHandler
                0x08000f1c                Default_Handler
                0x08000f1c                EXTI15_10_IRQHandler
                0x08000f1c                ADC_IRQHandler
                0x08000f1c                DMA_Channel3_IRQHandler
                0x08000f1c                TIM5_IRQHandler
                0x08000f1c                EXTI9_5_IRQHandler
                0x08000f1c                RTC_WKUP_IRQHandler
                0x08000f1c                MMU_IRQHandler
                0x08000f1c                SPI2_IRQHandler
                0x08000f1c                DMA_Channel2_IRQHandler
                0x08000f1c                COMP_1_2_3_IRQHandler
                0x08000f1c                EXTI4_IRQHandler
                0x08000f1c                TIM1_UP_IRQHandler
                0x08000f1c                DMA_Channel7_IRQHandler
                0x08000f1c                WWDG_IRQHandler
                0x08000f1c                TIM2_IRQHandler
                0x08000f1c                TIM1_BRK_IRQHandler
                0x08000f1c                EXTI1_IRQHandler
                0x08000f1c                DMA_Channel6_IRQHandler
                0x08000f1c                RTCAlarm_IRQHandler
                0x08000f1c                USART2_IRQHandler
                0x08000f1c                I2C2_ER_IRQHandler
                0x08000f1c                LPTIM_WKUP_IRQHandler
                0x08000f1c                TIM8_BRK_IRQHandler
                0x08000f1c                FLASH_IRQHandler
                0x08000f1c                CAN_RX0_IRQHandler
                0x08000f1c                UART3_IRQHandler
                0x08000f1c                I2C1_ER_IRQHandler
 *fill*         0x08000f1e        0x2 
 .text.memset   0x08000f20       0x9c D:/Tools/arm-gnu-toolchain/bin/../lib/gcc/arm-none-eabi/14.2.1/thumb/v7e-m+fp/hard\libc.a(libc_a-memset.o)
                0x08000f20                memset
 .text.__libc_init_array
                0x08000fbc       0x50 D:/Tools/arm-gnu-toolchain/bin/../lib/gcc/arm-none-eabi/14.2.1/thumb/v7e-m+fp/hard\libc.a(libc_a-init.o)
                0x08000fbc                __libc_init_array
 .text.__retarget_lock_acquire_recursive
                0x0800100c        0x4 D:/Tools/arm-gnu-toolchain/bin/../lib/gcc/arm-none-eabi/14.2.1/thumb/v7e-m+fp/hard\libc.a(libc_a-lock.o)
                0x0800100c                __retarget_lock_acquire_recursive
 .text.__retarget_lock_release_recursive
                0x08001010        0x4 D:/Tools/arm-gnu-toolchain/bin/../lib/gcc/arm-none-eabi/14.2.1/thumb/v7e-m+fp/hard\libc.a(libc_a-lock.o)
                0x08001010                __retarget_lock_release_recursive
 .text.startup.register_fini
                0x08001014       0x14 D:/Tools/arm-gnu-toolchain/bin/../lib/gcc/arm-none-eabi/14.2.1/thumb/v7e-m+fp/hard\libc.a(libc_a-__call_atexit.o)
 .text.atexit   0x08001028        0xc D:/Tools/arm-gnu-toolchain/bin/../lib/gcc/arm-none-eabi/14.2.1/thumb/v7e-m+fp/hard\libc.a(libc_a-atexit.o)
                0x08001028                atexit
 .text.__libc_fini_array
                0x08001034       0x28 D:/Tools/arm-gnu-toolchain/bin/../lib/gcc/arm-none-eabi/14.2.1/thumb/v7e-m+fp/hard\libc.a(libc_a-fini.o)
                0x08001034                __libc_fini_array
 .text.__register_exitproc
                0x0800105c       0x80 D:/Tools/arm-gnu-toolchain/bin/../lib/gcc/arm-none-eabi/14.2.1/thumb/v7e-m+fp/hard\libc.a(libc_a-__atexit.o)
                0x0800105c                __register_exitproc
 *(.glue_7)
 .glue_7        0x080010dc        0x0 linker stubs
 *(.glue_7t)
 .glue_7t       0x080010dc        0x0 linker stubs
 *(.eh_frame)
 .eh_frame      0x080010dc        0x0 D:/Tools/arm-gnu-toolchain/bin/../lib/gcc/arm-none-eabi/14.2.1/thumb/v7e-m+fp/hard/crtbegin.o
 *(.init)
 .init          0x080010dc        0x4 D:/Tools/arm-gnu-toolchain/bin/../lib/gcc/arm-none-eabi/14.2.1/thumb/v7e-m+fp/hard/crti.o
                0x080010dc                _init
 .init          0x080010e0        0x8 D:/Tools/arm-gnu-toolchain/bin/../lib/gcc/arm-none-eabi/14.2.1/thumb/v7e-m+fp/hard/crtn.o
 *(.fini)
 .fini          0x080010e8        0x4 D:/Tools/arm-gnu-toolchain/bin/../lib/gcc/arm-none-eabi/14.2.1/thumb/v7e-m+fp/hard/crti.o
                0x080010e8                _fini
 .fini          0x080010ec        0x8 D:/Tools/arm-gnu-toolchain/bin/../lib/gcc/arm-none-eabi/14.2.1/thumb/v7e-m+fp/hard/crtn.o
                0x080010f4                        . = ALIGN (0x4)
                0x080010f4                        __fsymtab_start = .
 *(FSymTab)
                0x080010f4                        __fsymtab_end = .
                0x080010f4                        . = ALIGN (0x4)
                0x080010f4                        __vsymtab_start = .
 *(VSymTab)
                0x080010f4                        __vsymtab_end = .
                0x080010f4                        . = ALIGN (0x4)
                0x080010f4                        __rt_init_start = .
 *(SORT_BY_NAME(.rti_fn*))
                0x080010f4                        __rt_init_end = .
                0x080010f4                        . = ALIGN (0x4)
                0x080010f4                        _etext = .

.vfp11_veneer   0x080010f4        0x0
 .vfp11_veneer  0x080010f4        0x0 linker stubs

.v4_bx          0x080010f4        0x0
 .v4_bx         0x080010f4        0x0 linker stubs

.iplt           0x080010f4        0x0
 .iplt          0x080010f4        0x0 D:/Tools/arm-gnu-toolchain/bin/../lib/gcc/arm-none-eabi/14.2.1/thumb/v7e-m+fp/hard/crtbegin.o

.rodata         0x080010f4       0xec
                0x080010f4                        . = ALIGN (0x4)
 *(.rodata)
 *(.rodata*)
 .rodata.main.str1.1
                0x080010f4       0x8b build/main.o
                                 0x7b (size before relaxing)
 .rodata._DoInit.str1.1
                0x0800117f        0x9 build/SEGGER_RTT.o
 .rodata._aInitStr.0
                0x0800117f       0x11 build/SEGGER_RTT.o
 .rodata.SEGGER_RTT_vprintf.str1.1
                0x08001190        0x7 build/SEGGER_RTT_printf.o
 .rodata._aV2C.0
                0x08001190       0x10 build/SEGGER_RTT_printf.o
 .rodata.ADCPLLCLKPresTable
                0x080011a0       0x20 build/n32g430_rcc.o
 .rodata.ADCHCLKPresTable
                0x080011c0       0x10 build/n32g430_rcc.o
 .rodata.APBAHBPresTable
                0x080011d0       0x10 build/n32g430_rcc.o
                0x080011e0                        . = ALIGN (0x4)

.ARM.extab
 *(.ARM.extab* .gnu.linkonce.armextab.*)

.ARM            0x080011e0        0x8
                0x080011e0                        __exidx_start = .
 *(.ARM.exidx*)
 .ARM.exidx     0x080011e0        0x8 D:/Tools/arm-gnu-toolchain/bin/../lib/gcc/arm-none-eabi/14.2.1/thumb/v7e-m+fp/hard\libc.a(libc_a-memcpy.o)
                0x080011e8                        __exidx_end = .

.rel.dyn        0x080011e8        0x0
 .rel.iplt      0x080011e8        0x0 D:/Tools/arm-gnu-toolchain/bin/../lib/gcc/arm-none-eabi/14.2.1/thumb/v7e-m+fp/hard/crtbegin.o

.preinit_array  0x080011e8        0x0
                0x080011e8                        PROVIDE (__preinit_array_start = .)
 *(.preinit_array*)
                0x080011e8                        PROVIDE (__preinit_array_end = .)

.init_array     0x080011e8        0x8
                0x080011e8                        PROVIDE (__init_array_start = .)
 *(SORT_BY_NAME(.init_array.*))
 .init_array.00000
                0x080011e8        0x4 D:/Tools/arm-gnu-toolchain/bin/../lib/gcc/arm-none-eabi/14.2.1/thumb/v7e-m+fp/hard\libc.a(libc_a-__call_atexit.o)
 *(.init_array*)
 .init_array    0x080011ec        0x4 D:/Tools/arm-gnu-toolchain/bin/../lib/gcc/arm-none-eabi/14.2.1/thumb/v7e-m+fp/hard/crtbegin.o
                0x080011f0                        PROVIDE (__init_array_end = .)

.fini_array     0x080011f0        0x4
                0x080011f0                        PROVIDE (__fini_array_start = .)
 *(SORT_BY_NAME(.fini_array.*))
 *(.fini_array*)
 .fini_array    0x080011f0        0x4 D:/Tools/arm-gnu-toolchain/bin/../lib/gcc/arm-none-eabi/14.2.1/thumb/v7e-m+fp/hard/crtbegin.o
                0x080011f4                        PROVIDE (__fini_array_end = .)
                0x080011f4                        _sidata = LOADADDR (.data)

.data           0x20000000        0x8 load address 0x080011f4
                0x20000000                        . = ALIGN (0x4)
                0x20000000                        _sdata = .
 *(.data)
 *(.data*)
 .data.SystemClockFrequency
                0x20000000        0x4 build/system_n32g430.o
                0x20000000                SystemClockFrequency
 .data.__atexit_recursive_mutex
                0x20000004        0x4 D:/Tools/arm-gnu-toolchain/bin/../lib/gcc/arm-none-eabi/14.2.1/thumb/v7e-m+fp/hard\libc.a(libc_a-__call_atexit.o)
                0x20000004                __atexit_recursive_mutex
                0x20000008                        . = ALIGN (0x4)
                0x20000008                        _edata = .

.tm_clone_table
                0x20000008        0x0 load address 0x080011fc
 .tm_clone_table
                0x20000008        0x0 D:/Tools/arm-gnu-toolchain/bin/../lib/gcc/arm-none-eabi/14.2.1/thumb/v7e-m+fp/hard/crtbegin.o
 .tm_clone_table
                0x20000008        0x0 D:/Tools/arm-gnu-toolchain/bin/../lib/gcc/arm-none-eabi/14.2.1/thumb/v7e-m+fp/hard/crtend.o

.igot.plt       0x20000008        0x0 load address 0x080011fc
 .igot.plt      0x20000008        0x0 D:/Tools/arm-gnu-toolchain/bin/../lib/gcc/arm-none-eabi/14.2.1/thumb/v7e-m+fp/hard/crtbegin.o
                0x20000008                        . = ALIGN (0x4)

.bss            0x20000008      0x774 load address 0x080011fc
                0x20000008                        _sbss = .
                0x20000008                        __bss_start__ = _sbss
 *(.bss)
 *(.bss*)
 .bss.completed.1
                0x20000008        0x1 D:/Tools/arm-gnu-toolchain/bin/../lib/gcc/arm-none-eabi/14.2.1/thumb/v7e-m+fp/hard/crtbegin.o
 *fill*         0x20000009        0x3 
 .bss.object.0  0x2000000c       0x18 D:/Tools/arm-gnu-toolchain/bin/../lib/gcc/arm-none-eabi/14.2.1/thumb/v7e-m+fp/hard/crtbegin.o
 .bss.rx_count  0x20000024        0x2 build/bsp_usart.o
 .bss.rx_tail   0x20000026        0x2 build/bsp_usart.o
 .bss.rx_head   0x20000028        0x2 build/bsp_usart.o
 .bss.usart1_rx_buffer
                0x2000002a      0x100 build/bsp_usart.o
 .bss._acDownBuffer
                0x2000012a       0x10 build/SEGGER_RTT.o
 .bss._acUpBuffer
                0x2000013a      0x400 build/SEGGER_RTT.o
 *fill*         0x2000053a        0x2 
 .bss._SEGGER_RTT
                0x2000053c       0xa8 build/SEGGER_RTT.o
                0x2000053c                _SEGGER_RTT
 .bss.__lock___atexit_recursive_mutex
                0x200005e4        0x1 D:/Tools/arm-gnu-toolchain/bin/../lib/gcc/arm-none-eabi/14.2.1/thumb/v7e-m+fp/hard\libc.a(libc_a-lock.o)
                0x200005e4                __lock___atexit_recursive_mutex
 *fill*         0x200005e5        0x3 
 .bss.__atexit  0x200005e8        0x4 D:/Tools/arm-gnu-toolchain/bin/../lib/gcc/arm-none-eabi/14.2.1/thumb/v7e-m+fp/hard\libc.a(libc_a-__call_atexit.o)
                0x200005e8                __atexit
 .bss.__atexit0
                0x200005ec      0x190 D:/Tools/arm-gnu-toolchain/bin/../lib/gcc/arm-none-eabi/14.2.1/thumb/v7e-m+fp/hard\libc.a(libc_a-__atexit.o)
                0x200005ec                __atexit0
 *(COMMON)
                0x2000077c                        . = ALIGN (0x4)
                0x2000077c                        _ebss = .
                0x2000077c                        __bss_end__ = _ebss

._user_heap_stack
                0x2000077c      0x600 load address 0x080011fc
                0x2000077c                        . = ALIGN (0x4)
                0x2000077c                        PROVIDE (end = .)
                [!provide]                        PROVIDE (_end = .)
                0x2000097c                        . = (. + _Min_Heap_Size)
 *fill*         0x2000077c      0x200 
                0x20000d7c                        . = (. + _Min_Stack_Size)
 *fill*         0x2000097c      0x400 
                0x20000d7c                        . = ALIGN (0x4)

/DISCARD/
 libc.a(*)
 libm.a(*)
 libgcc.a(*)

.ARM.attributes
                0x00000000       0x30
 *(.ARM.attributes)
 .ARM.attributes
                0x00000000       0x22 D:/Tools/arm-gnu-toolchain/bin/../lib/gcc/arm-none-eabi/14.2.1/thumb/v7e-m+fp/hard/crti.o
 .ARM.attributes
                0x00000022       0x34 D:/Tools/arm-gnu-toolchain/bin/../lib/gcc/arm-none-eabi/14.2.1/thumb/v7e-m+fp/hard/crtbegin.o
 .ARM.attributes
                0x00000056       0x34 build/bsp_usart.o
 .ARM.attributes
                0x0000008a       0x34 build/main.o
 .ARM.attributes
                0x000000be       0x34 build/n32g430_it.o
 .ARM.attributes
                0x000000f2       0x34 build/SEGGER_RTT.o
 .ARM.attributes
                0x00000126       0x34 build/SEGGER_RTT_printf.o
 .ARM.attributes
                0x0000015a       0x34 build/system_n32g430.o
 .ARM.attributes
                0x0000018e       0x34 build/misc.o
 .ARM.attributes
                0x000001c2       0x34 build/n32g430_gpio.o
 .ARM.attributes
                0x000001f6       0x34 build/n32g430_rcc.o
 .ARM.attributes
                0x0000022a       0x34 build/n32g430_usart.o
 .ARM.attributes
                0x0000025e       0x21 build/startup_n32g430_gcc.o
 .ARM.attributes
                0x0000027f       0x34 D:/Tools/arm-gnu-toolchain/bin/../lib/gcc/arm-none-eabi/14.2.1/thumb/v7e-m+fp/hard\libc.a(libc_a-memset.o)
 .ARM.attributes
                0x000002b3       0x34 D:/Tools/arm-gnu-toolchain/bin/../lib/gcc/arm-none-eabi/14.2.1/thumb/v7e-m+fp/hard\libc.a(libc_a-init.o)
 .ARM.attributes
                0x000002e7       0x34 D:/Tools/arm-gnu-toolchain/bin/../lib/gcc/arm-none-eabi/14.2.1/thumb/v7e-m+fp/hard\libc.a(libc_a-lock.o)
 .ARM.attributes
                0x0000031b       0x20 D:/Tools/arm-gnu-toolchain/bin/../lib/gcc/arm-none-eabi/14.2.1/thumb/v7e-m+fp/hard\libc.a(libc_a-memcpy.o)
 .ARM.attributes
                0x0000033b       0x34 D:/Tools/arm-gnu-toolchain/bin/../lib/gcc/arm-none-eabi/14.2.1/thumb/v7e-m+fp/hard\libc.a(libc_a-__call_atexit.o)
 .ARM.attributes
                0x0000036f       0x34 D:/Tools/arm-gnu-toolchain/bin/../lib/gcc/arm-none-eabi/14.2.1/thumb/v7e-m+fp/hard\libc.a(libc_a-atexit.o)
 .ARM.attributes
                0x000003a3       0x34 D:/Tools/arm-gnu-toolchain/bin/../lib/gcc/arm-none-eabi/14.2.1/thumb/v7e-m+fp/hard\libc.a(libc_a-fini.o)
 .ARM.attributes
                0x000003d7       0x34 D:/Tools/arm-gnu-toolchain/bin/../lib/gcc/arm-none-eabi/14.2.1/thumb/v7e-m+fp/hard\libc.a(libc_a-__atexit.o)
 .ARM.attributes
                0x0000040b       0x34 D:/Tools/arm-gnu-toolchain/bin/../lib/gcc/arm-none-eabi/14.2.1/thumb/v7e-m+fp/hard/crtend.o
 .ARM.attributes
                0x0000043f       0x22 D:/Tools/arm-gnu-toolchain/bin/../lib/gcc/arm-none-eabi/14.2.1/thumb/v7e-m+fp/hard/crtn.o
OUTPUT(build/output.elf elf32-littlearm)
LOAD linker stubs
LOAD D:/Tools/arm-gnu-toolchain/bin/../lib/gcc/arm-none-eabi/14.2.1/thumb/v7e-m+fp/hard\libc.a
LOAD D:/Tools/arm-gnu-toolchain/bin/../lib/gcc/arm-none-eabi/14.2.1/thumb/v7e-m+fp/hard\libm.a
LOAD D:/Tools/arm-gnu-toolchain/bin/../lib/gcc/arm-none-eabi/14.2.1/thumb/v7e-m+fp/hard\libgcc.a

.debug_info     0x00000000     0x743d
 .debug_info    0x00000000      0xb2a build/bsp_usart.o
 .debug_info    0x00000b2a      0x1b9 build/main.o
 .debug_info    0x00000ce3      0x109 build/n32g430_it.o
 .debug_info    0x00000dec     0x1f16 build/SEGGER_RTT.o
 .debug_info    0x00002d02      0x69b build/SEGGER_RTT_printf.o
 .debug_info    0x0000339d      0x727 build/system_n32g430.o
 .debug_info    0x00003ac4      0x60c build/misc.o
 .debug_info    0x000040d0      0xfa0 build/n32g430_gpio.o
 .debug_info    0x00005070     0x108a build/n32g430_rcc.o
 .debug_info    0x000060fa     0x1313 build/n32g430_usart.o
 .debug_info    0x0000740d       0x30 build/startup_n32g430_gcc.o

.debug_abbrev   0x00000000     0x160e
 .debug_abbrev  0x00000000      0x293 build/bsp_usart.o
 .debug_abbrev  0x00000293      0x108 build/main.o
 .debug_abbrev  0x0000039b       0x7a build/n32g430_it.o
 .debug_abbrev  0x00000415      0x32d build/SEGGER_RTT.o
 .debug_abbrev  0x00000742      0x297 build/SEGGER_RTT_printf.o
 .debug_abbrev  0x000009d9      0x185 build/system_n32g430.o
 .debug_abbrev  0x00000b5e      0x183 build/misc.o
 .debug_abbrev  0x00000ce1      0x345 build/n32g430_gpio.o
 .debug_abbrev  0x00001026      0x2bb build/n32g430_rcc.o
 .debug_abbrev  0x000012e1      0x310 build/n32g430_usart.o
 .debug_abbrev  0x000015f1       0x1d build/startup_n32g430_gcc.o

.debug_loc      0x00000000     0x5b5d
 .debug_loc     0x00000000      0x2c4 build/bsp_usart.o
 .debug_loc     0x000002c4       0x60 build/main.o
 .debug_loc     0x00000324     0x22b8 build/SEGGER_RTT.o
 .debug_loc     0x000025dc      0xcc5 build/SEGGER_RTT_printf.o
 .debug_loc     0x000032a1      0x128 build/system_n32g430.o
 .debug_loc     0x000033c9      0x1ce build/misc.o
 .debug_loc     0x00003597      0xc51 build/n32g430_gpio.o
 .debug_loc     0x000041e8      0x831 build/n32g430_rcc.o
 .debug_loc     0x00004a19     0x1144 build/n32g430_usart.o

.debug_aranges  0x00000000      0x7a0
 .debug_aranges
                0x00000000       0x60 build/bsp_usart.o
 .debug_aranges
                0x00000060       0x20 build/main.o
 .debug_aranges
                0x00000080       0x58 build/n32g430_it.o
 .debug_aranges
                0x000000d8      0x138 build/SEGGER_RTT.o
 .debug_aranges
                0x00000210       0x38 build/SEGGER_RTT_printf.o
 .debug_aranges
                0x00000248       0x28 build/system_n32g430.o
 .debug_aranges
                0x00000270       0x48 build/misc.o
 .debug_aranges
                0x000002b8      0x140 build/n32g430_gpio.o
 .debug_aranges
                0x000003f8      0x1f8 build/n32g430_rcc.o
 .debug_aranges
                0x000005f0      0x188 build/n32g430_usart.o
 .debug_aranges
                0x00000778       0x28 build/startup_n32g430_gcc.o

.debug_ranges   0x00000000      0xa78
 .debug_ranges  0x00000000       0x50 build/bsp_usart.o
 .debug_ranges  0x00000050       0x10 build/main.o
 .debug_ranges  0x00000060       0x48 build/n32g430_it.o
 .debug_ranges  0x000000a8      0x428 build/SEGGER_RTT.o
 .debug_ranges  0x000004d0       0x60 build/SEGGER_RTT_printf.o
 .debug_ranges  0x00000530       0x30 build/system_n32g430.o
 .debug_ranges  0x00000560       0x38 build/misc.o
 .debug_ranges  0x00000598      0x160 build/n32g430_gpio.o
 .debug_ranges  0x000006f8      0x1e8 build/n32g430_rcc.o
 .debug_ranges  0x000008e0      0x178 build/n32g430_usart.o
 .debug_ranges  0x00000a58       0x20 build/startup_n32g430_gcc.o

.debug_line     0x00000000     0x4b5b
 .debug_line    0x00000000      0x3e0 build/bsp_usart.o
 .debug_line    0x000003e0      0x12e build/main.o
 .debug_line    0x0000050e       0xe4 build/n32g430_it.o
 .debug_line    0x000005f2     0x127e build/SEGGER_RTT.o
 .debug_line    0x00001870      0x675 build/SEGGER_RTT_printf.o
 .debug_line    0x00001ee5      0x404 build/system_n32g430.o
 .debug_line    0x000022e9      0x2af build/misc.o
 .debug_line    0x00002598      0xcc9 build/n32g430_gpio.o
 .debug_line    0x00003261      0xd2f build/n32g430_rcc.o
 .debug_line    0x00003f90      0xb36 build/n32g430_usart.o
 .debug_line    0x00004ac6       0x95 build/startup_n32g430_gcc.o

.debug_str      0x00000000     0x27a7
 .debug_str     0x00000000     0x27a7 build/bsp_usart.o
                                0x939 (size before relaxing)
 .debug_str     0x000027a7      0x1fc build/main.o
 .debug_str     0x000027a7      0x20d build/n32g430_it.o
 .debug_str     0x000027a7      0x6da build/SEGGER_RTT.o
 .debug_str     0x000027a7      0x301 build/SEGGER_RTT_printf.o
 .debug_str     0x000027a7      0x46a build/system_n32g430.o
 .debug_str     0x000027a7      0x45b build/misc.o
 .debug_str     0x000027a7      0x8cc build/n32g430_gpio.o
 .debug_str     0x000027a7      0xb6d build/n32g430_rcc.o
 .debug_str     0x000027a7      0x97b build/n32g430_usart.o
 .debug_str     0x000027a7       0xa1 build/startup_n32g430_gcc.o

.comment        0x00000000       0x45
 .comment       0x00000000       0x45 build/bsp_usart.o
                                 0x46 (size before relaxing)
 .comment       0x00000045       0x46 build/main.o
 .comment       0x00000045       0x46 build/n32g430_it.o
 .comment       0x00000045       0x46 build/SEGGER_RTT.o
 .comment       0x00000045       0x46 build/SEGGER_RTT_printf.o
 .comment       0x00000045       0x46 build/system_n32g430.o
 .comment       0x00000045       0x46 build/misc.o
 .comment       0x00000045       0x46 build/n32g430_gpio.o
 .comment       0x00000045       0x46 build/n32g430_rcc.o
 .comment       0x00000045       0x46 build/n32g430_usart.o

.debug_frame    0x00000000     0x139c
 .debug_frame   0x00000000       0xf8 build/bsp_usart.o
 .debug_frame   0x000000f8       0x28 build/main.o
 .debug_frame   0x00000120       0x90 build/n32g430_it.o
 .debug_frame   0x000001b0      0x420 build/SEGGER_RTT.o
 .debug_frame   0x000005d0       0xb0 build/SEGGER_RTT_printf.o
 .debug_frame   0x00000680       0x3c build/system_n32g430.o
 .debug_frame   0x000006bc       0x7c build/misc.o
 .debug_frame   0x00000738      0x30c build/n32g430_gpio.o
 .debug_frame   0x00000a44      0x42c build/n32g430_rcc.o
 .debug_frame   0x00000e70      0x318 build/n32g430_usart.o
 .debug_frame   0x00001188       0x2c D:/Tools/arm-gnu-toolchain/bin/../lib/gcc/arm-none-eabi/14.2.1/thumb/v7e-m+fp/hard\libc.a(libc_a-memset.o)
 .debug_frame   0x000011b4       0x2c D:/Tools/arm-gnu-toolchain/bin/../lib/gcc/arm-none-eabi/14.2.1/thumb/v7e-m+fp/hard\libc.a(libc_a-init.o)
 .debug_frame   0x000011e0       0xb0 D:/Tools/arm-gnu-toolchain/bin/../lib/gcc/arm-none-eabi/14.2.1/thumb/v7e-m+fp/hard\libc.a(libc_a-lock.o)
 .debug_frame   0x00001290       0x28 D:/Tools/arm-gnu-toolchain/bin/../lib/gcc/arm-none-eabi/14.2.1/thumb/v7e-m+fp/hard\libc.a(libc_a-memcpy.o)
 .debug_frame   0x000012b8       0x5c D:/Tools/arm-gnu-toolchain/bin/../lib/gcc/arm-none-eabi/14.2.1/thumb/v7e-m+fp/hard\libc.a(libc_a-__call_atexit.o)
 .debug_frame   0x00001314       0x20 D:/Tools/arm-gnu-toolchain/bin/../lib/gcc/arm-none-eabi/14.2.1/thumb/v7e-m+fp/hard\libc.a(libc_a-atexit.o)
 .debug_frame   0x00001334       0x34 D:/Tools/arm-gnu-toolchain/bin/../lib/gcc/arm-none-eabi/14.2.1/thumb/v7e-m+fp/hard\libc.a(libc_a-fini.o)
 .debug_frame   0x00001368       0x34 D:/Tools/arm-gnu-toolchain/bin/../lib/gcc/arm-none-eabi/14.2.1/thumb/v7e-m+fp/hard\libc.a(libc_a-__atexit.o)

.debug_line_str
                0x00000000       0xe3
 .debug_line_str
                0x00000000       0xe3 D:/Tools/arm-gnu-toolchain/bin/../lib/gcc/arm-none-eabi/14.2.1/thumb/v7e-m+fp/hard\libc.a(libc_a-memcpy.o)
